Microchip MPLAB XC8 Compiler V2.41

Linker command line:

-W-3 --edf=F:\xc8\pic\dat\20230208172133_en.msgs -cn \
  -h+dist/default/production\Record_203.production.sym \
  --cmf=dist/default/production\Record_203.production.cmf -z -Q18F4620 \
  -oC:\Users\sacri\AppData\Local\Temp\xcAschk.\driver_tmp_3.o \
  --defsym=__MPLAB_BUILD=1 --fixupoverflow=error \
  -Mdist/default/production/Record_203.production.map \
  --md=C:\Users\sacri\AppData\Local\Temp\xcAschk.\driver_tmp_0.dat -E1 \
  -ver=XC8 Compiler --acfsm=1493 -ACODE=00h-0FFFFh -ACONST=00h-0FFFFh \
  -ASMALLCONST=01000h-010FFhx240 -AMEDIUMCONST=01000h-0FFFFh \
  -ACOMRAM=01h-07Fh -AABS1=00h-0F7Fh -ABIGRAM=01h-0F7Fh \
  -ARAM=080h-0FFh,0100h-01FFhx14,0F00h-0F7Fh -ABANK0=080h-0FFh \
  -ABANK1=0100h-01FFh -ABANK2=0200h-02FFh -ABANK3=0300h-03FFh \
  -ABANK4=0400h-04FFh -ABANK5=0500h-05FFh -ABANK6=0600h-06FFh \
  -ABANK7=0700h-07FFh -ABANK8=0800h-08FFh -ABANK9=0900h-09FFh \
  -ABANK10=0A00h-0AFFh -ABANK11=0B00h-0BFFh -ABANK12=0C00h-0CFFh \
  -ABANK13=0D00h-0DFFh -ABANK14=0E00h-0EFFh -ABANK15=0F00h-0F7Fh \
  -ASFR=0F80h-0FFFh -ABIGSFR=0F80h-0FFFh -ACONFIG=0300000h-030000Dh \
  -AIDLOC=0200000h-0200007h -AEEDATA=0F00000h-0F003FFh -peeprom_data=EEDATA \
  -preset_vec=00h,intcode=08h,intcodelo,powerup,init -pramtop=01000h \
  -psmallconst=SMALLCONST -pmediumconst=MEDIUMCONST -pconst=CONST \
  -AFARRAM=00h-00h \
  -prdata=COMRAM,nvrram=COMRAM,nvbit=COMRAM,rbss=COMRAM,rbit=COMRAM \
  -pfarbss=FARRAM,fardata=FARRAM,nvFARRAM=FARRAM \
  -pintsave_regs=BIGRAM,bigbss=BIGRAM,bigdata=BIGRAM -pbss=RAM \
  -pidata=CODE,irdata=CODE,ibigdata=CODE,ifardata=CODE -prparam=COMRAM \
  C:\Users\sacri\AppData\Local\Temp\xcAschk.\driver_tmp_9.o \
  dist/default/production\Record_203.production.o 

Object code version is 3.11

Machine type is 18F4620



                Name                               Link     Load   Length Selector   Space Scale
C:\Users\sacri\AppData\Local\Temp\xcAschk.\driver_tmp_9.o
                idloc                            200000   200000        8        0       5
                config                           300000   300000        E        0       4
                init                                  E        E        4        4       0
                reset_vec                             0        0        4        0       0
dist/default/production\Record_203.production.o
                intcode                               8        8        6        4       0
                idloc                            200000   200000        8        0       5
                config                           300000   300000        E        0       4
                temp                                 7A       7A        1        1       1
                smallconst                         1000     1000       16      800       0
                text31                             1B70     1B70        4      D56       0
                text30                             1B6C     1B6C        4      D56       0
                text29                             1B68     1B68        4      D56       0
                text28                             1B7A     1B7A        2      D56       0
                text27                             1B64     1B64        4      D56       0
                text26                             1B60     1B60        4      D56       0
                text25                             1B5C     1B5C        4      D56       0
                text24                             1B58     1B58        4      D56       0
                text23                             1B54     1B54        4      D56       0
                text22                             1B50     1B50        4      D56       0
                text21                             1B78     1B78        2      D56       0
                text20                             1AFA     1AFA       1A      D56       0
                text19                             1AE0     1AE0       1A      D56       0
                text18                             1AC6     1AC6       1A      D56       0
                text17                             1AAC     1AAC       1A      D56       0
                text16                             1B2C     1B2C        C      D56       0
                text15                             1B20     1B20        C      D56       0
                text14                             1B42     1B42        8      D56       0
                text13                             1B14     1B14        C      D56       0
                intcode_body                       1016     1016      406      80B       0
                text11                             1B76     1B76        2      D56       0
                text10                             1572     1572      144      80B       0
                text9                              1A2C     1A2C       32      80B       0
                text8                              198A     198A       5C      80B       0
                text7                              141C     141C      156      80B       0
                text6                              19E6     19E6       46      80B       0
                text5                              1A5E     1A5E       2E      80B       0
                text4                              1B74     1B74        2      D56       0
                text3                              1B4A     1B4A        6      D56       0
                text2                              16B6     16B6      12C      80B       0
                text1                              18BA     18BA       6C      80B       0
                text0                              17E2     17E2       D8      80B       0
                cstackCOMRAM                         64       64       16        1       1
                dataBANK0                            80       80        A       80       1
                bssBANK0                             8A       8A        6       80       1
                dataCOMRAM                           45       45       1F        1       1
                bssCOMRAM                             1        1       44        1       1
                cinit                              1926     1926       64      80B       0
                idataBANK0                         1B38     1B38        A      D56       0
                idataCOMRAM                        1A8C     1A8C       1F      80B       0

TOTAL           Name                               Link     Load   Length     Space
        CLASS   CODE           
                intcode                               8        8        6         0
                init                                  E        E        4         0
                reset_vec                             0        0        4         0
                text31                             1B70     1B70        4         0
                text30                             1B6C     1B6C        4         0
                text29                             1B68     1B68        4         0
                text28                             1B7A     1B7A        2         0
                text27                             1B64     1B64        4         0
                text26                             1B60     1B60        4         0
                text25                             1B5C     1B5C        4         0
                text24                             1B58     1B58        4         0
                text23                             1B54     1B54        4         0
                text22                             1B50     1B50        4         0
                text21                             1B78     1B78        2         0
                text20                             1AFA     1AFA       1A         0
                text19                             1AE0     1AE0       1A         0
                text18                             1AC6     1AC6       1A         0
                text17                             1AAC     1AAC       1A         0
                text16                             1B2C     1B2C        C         0
                text15                             1B20     1B20        C         0
                text14                             1B42     1B42        8         0
                text13                             1B14     1B14        C         0
                intcode_body                       1016     1016      406         0
                text11                             1B76     1B76        2         0
                text10                             1572     1572      144         0
                text9                              1A2C     1A2C       32         0
                text8                              198A     198A       5C         0
                text7                              141C     141C      156         0
                text6                              19E6     19E6       46         0
                text5                              1A5E     1A5E       2E         0
                text4                              1B74     1B74        2         0
                text3                              1B4A     1B4A        6         0
                text2                              16B6     16B6      12C         0
                text1                              18BA     18BA       6C         0
                text0                              17E2     17E2       D8         0
                cinit                              1926     1926       64         0
                idataBANK0                         1B38     1B38        A         0
                idataCOMRAM                        1A8C     1A8C       1F         0

        CLASS   CONST          

        CLASS   SMALLCONST     
                smallconst                         1000     1000       16         0

        CLASS   MEDIUMCONST    

        CLASS   COMRAM         
                temp                                 7A       7A        1         1
                cstackCOMRAM                         64       64       16         1
                dataCOMRAM                           45       45       1F         1
                bssCOMRAM                             1        1       44         1

        CLASS   ABS1           

        CLASS   BIGRAM         

        CLASS   RAM            

        CLASS   BANK0          
                dataBANK0                            80       80        A         1
                bssBANK0                             8A       8A        6         1

        CLASS   BANK1          

        CLASS   BANK2          

        CLASS   BANK3          

        CLASS   BANK4          

        CLASS   BANK5          

        CLASS   BANK6          

        CLASS   BANK7          

        CLASS   BANK8          

        CLASS   BANK9          

        CLASS   BANK10         

        CLASS   BANK11         

        CLASS   BANK12         

        CLASS   BANK13         

        CLASS   BANK14         

        CLASS   BANK15         

        CLASS   SFR            

        CLASS   BIGSFR         

        CLASS   CONFIG         
                config                           300000   300000        E         4

        CLASS   IDLOC          
                idloc                            200000   200000        8         5

        CLASS   EEDATA         

        CLASS   FARRAM         

        CLASS   HEAP           

        CLASS   STACK          



SEGMENTS        Name                           Load    Length   Top    Selector   Space  Class

                reset_vec                      000000  000004  000004         0       0  CODE    
                bssCOMRAM                      000001  00007A  00007B         1       1  COMRAM  
                intcode                        000008  00000A  000012         4       0  CODE    
                dataBANK0                      000080  000010  000090        80       1  BANK0   
                smallconst                     001000  000016  001016       800       0  SMALLCON
                intcode_body                   001016  000A95  001AAB       80B       0  CODE    
                text17                         001AAC  0000D0  001B7C       D56       0  CODE    


UNUSED ADDRESS RANGES

        Name                Unused          Largest block    Delta
        BANK0            000090-0000FF               70
        BANK1            000100-0001FF              100
        BANK10           000A00-000AFF              100
        BANK11           000B00-000BFF              100
        BANK12           000C00-000CFF              100
        BANK13           000D00-000DFF              100
        BANK14           000E00-000EFF              100
        BANK15           000F00-000F7F               80
        BANK2            000200-0002FF              100
        BANK3            000300-0003FF              100
        BANK4            000400-0004FF              100
        BANK5            000500-0005FF              100
        BANK6            000600-0006FF              100
        BANK7            000700-0007FF              100
        BANK8            000800-0008FF              100
        BANK9            000900-0009FF              100
        BIGRAM           00007B-00007F                5
                         000090-000F7F              EF0
        BIGSFR           000F80-000FFF               80
        CODE             000004-000007                4
                         000012-000FFF              FEE
                         001AAB-001AAB                1
                         001B7C-00FFFF             E484
        COMRAM           00007B-00007F                5
        CONST            000004-000007                4
                         000012-000FFF              FEE
                         001AAB-001AAB                1
                         001B7C-00FFFF             E484
        EEDATA           F00000-F003FF              400
        MEDIUMCONST      001AAB-001AAB                1
                         001B7C-00FFFF             E484
        RAM              000090-000F7F              100
        SFR              000F80-000FFF               80
        SMALLCONST       001AAB-001AAB                1
                         001B7C-00FFFF              100

                                  Symbol Table

MSSP_SPI_Interrupt_Init@Config                        cstackCOMRAM 000065
MSSP_SPI_Msster_Mode_GPIO_PIN_Configurations@Config   cstackCOMRAM 00006E
MSSP_SPI_Msster_Mode_GPIO_PIN_Configurations@F3058    dataCOMRAM   00005F
MSSP_SPI_Msster_Mode_GPIO_PIN_Configurations@F3060    dataCOMRAM   00005E
MSSP_SPI_Msster_Mode_GPIO_PIN_Configurations@F3062    dataCOMRAM   00005D
MSSP_SPI_Msster_Mode_GPIO_PIN_Configurations@SPI_CLK  cstackCOMRAM 000072
MSSP_SPI_Msster_Mode_GPIO_PIN_Configurations@SPI_SDI  cstackCOMRAM 000071
MSSP_SPI_Msster_Mode_GPIO_PIN_Configurations@SPI_SDO  cstackCOMRAM 000070
MSSP_SPI_Slave_Mode_GPIO_PIN_Configurations@Config    cstackCOMRAM 00006E
MSSP_SPI_Slave_Mode_GPIO_PIN_Configurations@F3067     dataCOMRAM   00005C
MSSP_SPI_Slave_Mode_GPIO_PIN_Configurations@F3069     dataCOMRAM   00005B
MSSP_SPI_Slave_Mode_GPIO_PIN_Configurations@F3071     dataCOMRAM   00005A
MSSP_SPI_Slave_Mode_GPIO_PIN_Configurations@F3073     dataCOMRAM   000059
MSSP_SPI_Slave_Mode_GPIO_PIN_Configurations@SPI_CLK   cstackCOMRAM 000073
MSSP_SPI_Slave_Mode_GPIO_PIN_Configurations@SPI_SDI   cstackCOMRAM 000072
MSSP_SPI_Slave_Mode_GPIO_PIN_Configurations@SPI_SDO   cstackCOMRAM 000071
MSSP_SPI_Slave_Mode_GPIO_PIN_Configurations@SPI_SS    cstackCOMRAM 000074
RB4_ISR@RB4_Source                                    cstackCOMRAM 000064
RB5_ISR@RB5_Source                                    cstackCOMRAM 000064
RB6_ISR@RB6_Source                                    cstackCOMRAM 000064
RB7_ISR@RB7_Source                                    cstackCOMRAM 000064
SPI_Init@Config                                       cstackCOMRAM 000075
SPI_Read_Byte@Config                                  cstackCOMRAM 000065
SPI_Read_Byte@_data                                   cstackCOMRAM 000067
SPI_Send_Byte@Config                                  cstackCOMRAM 000065
SPI_Send_Byte@_data                                   cstackCOMRAM 000067
_ADCON0bits                                           (abs)        000FC2
_ADCON1bits                                           (abs)        000FC1
_ADCON2bits                                           (abs)        000FC0
_ADC_ISR                                              text31       001B70
_ADC_InterruptHandler                                 bssCOMRAM    000037
_ADRESH                                               (abs)        000FC4
_ADRESL                                               (abs)        000FC3
_BAUDCONbits                                          (abs)        000FB8
_CCP1CONbits                                          (abs)        000FBD
_CCP1_ISR                                             text30       001B6C
_CCP1_InterruptHandler                                bssCOMRAM    000035
_CCP2CONbits                                          (abs)        000FBA
_CCP2_ISR                                             text29       001B68
_CCP2_InterruptHandler                                bssCOMRAM    000033
_CCPR1L                                               (abs)        000FBE
_CCPR2L                                               (abs)        000FBB
_EEADR                                                (abs)        000FA9
_EEADRH                                               (abs)        000FAA
_EECON1bits                                           (abs)        000FA6
_EECON2                                               (abs)        000FA7
_EEDATA                                               (abs)        000FA8
_EUSART_FramingErrorHandler                           bssCOMRAM    000003
_EUSART_OverrunErrorHandler                           bssCOMRAM    000001
_EUSART_RX_ISR                                        text28       001B7A
_EUSART_RxInterruptHandler                            bssCOMRAM    000005
_EUSART_TX_ISR                                        text27       001B64
_EUSART_TxInterruptHandler                            bssCOMRAM    000007
_I2C_DefaultInterruptHandle                           bssCOMRAM    00002F
_I2C_Report_Receive_Overflow_InterruptHandle          bssCOMRAM    00002D
_I2C_Report_Write_Collision_InterruptHandler          bssCOMRAM    000031
_INT0_ISR                                             text26       001B60
_INT0_InterruptHandler                                bssCOMRAM    00002B
_INT1_ISR                                             text25       001B5C
_INT1_InterruptHandler                                bssCOMRAM    000029
_INT2_ISR                                             text24       001B58
_INT2_InterruptHandler                                bssCOMRAM    000027
_INTCON2bits                                          (abs)        000FF1
_INTCON3bits                                          (abs)        000FF0
_INTCONbits                                           (abs)        000FF2
_InterruptManager                                     intcode      000008
_LATA                                                 (abs)        000F89
_LATB                                                 (abs)        000F8A
_LATC                                                 (abs)        000F8B
_LATD                                                 (abs)        000F8C
_LATE                                                 (abs)        000F8D
_MSSP_I2C_BC_ISR                                      text23       001B54
_MSSP_I2C_ISR                                         text22       001B50
_MSSP_SPI_ISR                                         text21       001B78
_MSSP_SPI_Interrupt_Init                              text11       001B76
_MSSP_SPI_Msster_Mode_GPIO_PIN_Configurations         text9        001A2C
_MSSP_SPI_Slave_Mode_GPIO_PIN_Configurations          text8        00198A
_PIE1bits                                             (abs)        000F9D
_PIE2bits                                             (abs)        000FA0
_PIR1bits                                             (abs)        000F9E
_PIR2bits                                             (abs)        000FA1
_PORTA                                                (abs)        000F80
_PORTB                                                (abs)        000F81
_PORTBbits                                            (abs)        000F81
_PORTC                                                (abs)        000F82
_PORTD                                                (abs)        000F83
_PORTE                                                (abs)        000F84
_PR2                                                  (abs)        000FCB
_RB4_Flag                                             dataCOMRAM   000063
_RB4_ISR                                              text20       001AFA
_RB4_InterruptHandler_HIGH                            bssCOMRAM    000025
_RB4_InterruptHandler_LOW                             bssCOMRAM    000023
_RB5_Flag                                             dataCOMRAM   000062
_RB5_ISR                                              text19       001AE0
_RB5_InterruptHandler_HIGH                            bssCOMRAM    000021
_RB5_InterruptHandler_LOW                             bssCOMRAM    00001F
_RB6_Flag                                             dataCOMRAM   000061
_RB6_ISR                                              text18       001AC6
_RB6_InterruptHandler_HIGH                            bssCOMRAM    00001D
_RB6_InterruptHandler_LOW                             bssCOMRAM    00001B
_RB7_Flag                                             dataCOMRAM   000060
_RB7_ISR                                              text17       001AAC
_RB7_InterruptHandler_HIGH                            bssCOMRAM    000019
_RB7_InterruptHandler_LOW                             bssCOMRAM    000017
_RCREG                                                (abs)        000FAE
_RCSTAbits                                            (abs)        000FAB
_SPBRG                                                (abs)        000FAF
_SPBRGH                                               (abs)        000FB0
_SPI_Init                                             text7        00141C
_SPI_Msater_Side_Slave1_RetVal                        bssCOMRAM    000043
_SPI_Obj                                              bssCOMRAM    000041
_SPI_Read_Byte                                        text6        0019E6
_SPI_SS1                                              bssCOMRAM    000044
_SPI_Send_Byte                                        text5        001A5E
_SSPADD                                               (abs)        000FC8
_SSPBUF                                               (abs)        000FC9
_SSPCON1bits                                          (abs)        000FC6
_SSPCON2bits                                          (abs)        000FC5
_SSPSTATbits                                          (abs)        000FC7
_T0CONbits                                            (abs)        000FD5
_T1CONbits                                            (abs)        000FCD
_T2CONbits                                            (abs)        000FCA
_T3CONbits                                            (abs)        000FB1
_TMR0H                                                (abs)        000FD7
_TMR0L                                                (abs)        000FD6
_TMR0_ISR                                             text16       001B2C
_TMR0_InterruptHandler                                bssCOMRAM    000015
_TMR1H                                                (abs)        000FCF
_TMR1L                                                (abs)        000FCE
_TMR1_ISR                                             text15       001B20
_TMR1_InterruptHandler                                bssCOMRAM    000011
_TMR2                                                 (abs)        000FCC
_TMR2_ISR                                             text14       001B42
_TMR2_InterruptHandler                                bssCOMRAM    00000D
_TMR3H                                                (abs)        000FB3
_TMR3L                                                (abs)        000FB2
_TMR3_ISR                                             text13       001B14
_TMR3_InterruptHandler                                bssCOMRAM    00000B
_TRISA                                                (abs)        000F92
_TRISB                                                (abs)        000F93
_TRISC                                                (abs)        000F94
_TRISCbits                                            (abs)        000F94
_TRISD                                                (abs)        000F95
_TRISE                                                (abs)        000F96
_TXREG                                                (abs)        000FAD
_TXSTAbits                                            (abs)        000FAC
__HRAM                                                (abs)        000000
__H__absolute__                                       __absolute__ 000000
__Habs1                                               abs1         000000
__Hbank0                                              bank0        000000
__Hbank1                                              bank1        000000
__Hbank10                                             bank10       000000
__Hbank11                                             bank11       000000
__Hbank12                                             bank12       000000
__Hbank13                                             bank13       000000
__Hbank14                                             bank14       000000
__Hbank15                                             bank15       000000
__Hbank2                                              bank2        000000
__Hbank3                                              bank3        000000
__Hbank4                                              bank4        000000
__Hbank5                                              bank5        000000
__Hbank6                                              bank6        000000
__Hbank7                                              bank7        000000
__Hbank8                                              bank8        000000
__Hbank9                                              bank9        000000
__Hbigbss                                             bigbss       000000
__Hbigdata                                            bigdata      000000
__Hbigram                                             bigram       000000
__Hbigsfr                                             bigsfr       000000
__Hbss                                                bss          000000
__HbssBANK0                                           bssBANK0     000000
__HbssCOMRAM                                          bssCOMRAM    000000
__Hcinit                                              cinit        000000
__Hclrtext                                            clrtext      000000
__Hcomram                                             comram       000000
__Hconfig                                             config       30000E
__Hconst                                              const        000000
__HcstackCOMRAM                                       cstackCOMRAM 000000
__Hdata                                               data         000000
__HdataBANK0                                          dataBANK0    000000
__HdataCOMRAM                                         dataCOMRAM   000000
__Heeprom_data                                        eeprom_data  000000
__Hfarbss                                             farbss       000000
__Hfardata                                            fardata      000000
__Hheap                                               heap         000000
__Hibigdata                                           ibigdata     000000
__Hidata                                              idata        000000
__HidataBANK0                                         idataBANK0   000000
__HidataCOMRAM                                        idataCOMRAM  000000
__Hidloc                                              idloc        200008
__Hifardata                                           ifardata     000000
__Hinit                                               init         000012
__Hintcode                                            intcode      00000E
__Hintcode_body                                       intcode_body 000000
__Hintcodelo                                          intcodelo    00000E
__Hintentry                                           intentry     000000
__Hintret                                             intret       000000
__Hintsave_regs                                       intsave_regs 000000
__Hirdata                                             irdata       000000
__Hmediumconst                                        mediumconst  000000
__HnvFARRAM                                           nvFARRAM     000000
__Hnvbit                                              nvbit        000000
__Hnvrram                                             nvrram       000000
__Hparam                                              rparam       000000
__Hpowerup                                            powerup      00000E
__Hram                                                ram          000000
__Hramtop                                             ramtop       001000
__Hrbit                                               rbit         000000
__Hrbss                                               rbss         000000
__Hrdata                                              rdata        000000
__Hreset_vec                                          reset_vec    000004
__Hrparam                                             rparam       000000
__Hsfr                                                sfr          000000
__Hsmallconst                                         smallconst   001016
__Hspace_0                                            (abs)        001B7C
__Hspace_1                                            (abs)        000090
__Hspace_2                                            (abs)        000000
__Hspace_4                                            (abs)        60000E
__Hstack                                              stack        000000
__Hstruct                                             struct       000000
__Htemp                                               temp         00007B
__Htext                                               text         000000
__Htext0                                              text0        000000
__Htext1                                              text1        000000
__Htext10                                             text10       000000
__Htext11                                             text11       000000
__Htext13                                             text13       000000
__Htext14                                             text14       000000
__Htext15                                             text15       000000
__Htext16                                             text16       000000
__Htext17                                             text17       000000
__Htext18                                             text18       000000
__Htext19                                             text19       000000
__Htext2                                              text2        000000
__Htext20                                             text20       000000
__Htext21                                             text21       000000
__Htext22                                             text22       000000
__Htext23                                             text23       000000
__Htext24                                             text24       000000
__Htext25                                             text25       000000
__Htext26                                             text26       000000
__Htext27                                             text27       000000
__Htext28                                             text28       000000
__Htext29                                             text29       000000
__Htext3                                              text3        000000
__Htext30                                             text30       000000
__Htext31                                             text31       000000
__Htext4                                              text4        000000
__Htext5                                              text5        000000
__Htext6                                              text6        000000
__Htext7                                              text7        000000
__Htext8                                              text8        000000
__Htext9                                              text9        000000
__LRAM                                                (abs)        000001
__L__absolute__                                       __absolute__ 000000
__Labs1                                               abs1         000000
__Lbank0                                              bank0        000000
__Lbank1                                              bank1        000000
__Lbank10                                             bank10       000000
__Lbank11                                             bank11       000000
__Lbank12                                             bank12       000000
__Lbank13                                             bank13       000000
__Lbank14                                             bank14       000000
__Lbank15                                             bank15       000000
__Lbank2                                              bank2        000000
__Lbank3                                              bank3        000000
__Lbank4                                              bank4        000000
__Lbank5                                              bank5        000000
__Lbank6                                              bank6        000000
__Lbank7                                              bank7        000000
__Lbank8                                              bank8        000000
__Lbank9                                              bank9        000000
__Lbigbss                                             bigbss       000000
__Lbigdata                                            bigdata      000000
__Lbigram                                             bigram       000000
__Lbigsfr                                             bigsfr       000000
__Lbss                                                bss          000000
__LbssBANK0                                           bssBANK0     000000
__LbssCOMRAM                                          bssCOMRAM    000000
__Lcinit                                              cinit        000000
__Lclrtext                                            clrtext      000000
__Lcomram                                             comram       000000
__Lconfig                                             config       000000
__Lconst                                              const        000000
__LcstackCOMRAM                                       cstackCOMRAM 000000
__Ldata                                               data         000000
__LdataBANK0                                          dataBANK0    000000
__LdataCOMRAM                                         dataCOMRAM   000000
__Leeprom_data                                        eeprom_data  000000
__Lfarbss                                             farbss       000000
__Lfardata                                            fardata      000000
__Lheap                                               heap         000000
__Libigdata                                           ibigdata     000000
__Lidata                                              idata        000000
__LidataBANK0                                         idataBANK0   000000
__LidataCOMRAM                                        idataCOMRAM  000000
__Lidloc                                              idloc        000000
__Lifardata                                           ifardata     000000
__Linit                                               init         00000E
__Lintcode                                            intcode      000008
__Lintcode_body                                       intcode_body 000000
__Lintcodelo                                          intcodelo    00000E
__Lintentry                                           intentry     000000
__Lintret                                             intret       000000
__Lintsave_regs                                       intsave_regs 000000
__Lirdata                                             irdata       000000
__Lmediumconst                                        mediumconst  000000
__LnvFARRAM                                           nvFARRAM     000000
__Lnvbit                                              nvbit        000000
__Lnvrram                                             nvrram       000000
__Lparam                                              rparam       000000
__Lpowerup                                            powerup      00000E
__Lram                                                ram          000000
__Lramtop                                             ramtop       001000
__Lrbit                                               rbit         000000
__Lrbss                                               rbss         000000
__Lrdata                                              rdata        000000
__Lreset_vec                                          reset_vec    000000
__Lrparam                                             rparam       000000
__Lsfr                                                sfr          000000
__Lsmallconst                                         smallconst   001000
__Lspace_0                                            (abs)        000000
__Lspace_1                                            (abs)        000000
__Lspace_2                                            (abs)        000000
__Lspace_4                                            (abs)        000000
__Lstack                                              stack        000000
__Lstruct                                             struct       000000
__Ltemp                                               temp         00007A
__Ltext                                               text         000000
__Ltext0                                              text0        000000
__Ltext1                                              text1        000000
__Ltext10                                             text10       000000
__Ltext11                                             text11       000000
__Ltext13                                             text13       000000
__Ltext14                                             text14       000000
__Ltext15                                             text15       000000
__Ltext16                                             text16       000000
__Ltext17                                             text17       000000
__Ltext18                                             text18       000000
__Ltext19                                             text19       000000
__Ltext2                                              text2        000000
__Ltext20                                             text20       000000
__Ltext21                                             text21       000000
__Ltext22                                             text22       000000
__Ltext23                                             text23       000000
__Ltext24                                             text24       000000
__Ltext25                                             text25       000000
__Ltext26                                             text26       000000
__Ltext27                                             text27       000000
__Ltext28                                             text28       000000
__Ltext29                                             text29       000000
__Ltext3                                              text3        000000
__Ltext30                                             text30       000000
__Ltext31                                             text31       000000
__Ltext4                                              text4        000000
__Ltext5                                              text5        000000
__Ltext6                                              text6        000000
__Ltext7                                              text7        000000
__Ltext8                                              text8        000000
__Ltext9                                              text9        000000
__S0                                                  (abs)        001B7C
__S1                                                  (abs)        000090
__S4                                                  (abs)        000000
__S5                                                  (abs)        000000
___heap_hi                                            (abs)        000000
___heap_lo                                            (abs)        000000
___inthi_sp                                           stack        000000
___intlo_sp                                           stack        000000
___param_bank                                         (abs)        000000
___rparam_used                                        (abs)        000001
___sp                                                 stack        000000
__accesstop                                           (abs)        000080
__activetblptr                                        (abs)        000003
__end_of_ADC_ISR                                      text31       001B74
__end_of_CCP1_ISR                                     text30       001B70
__end_of_CCP2_ISR                                     text29       001B6C
__end_of_EUSART_RX_ISR                                text28       001B7C
__end_of_EUSART_TX_ISR                                text27       001B68
__end_of_INT0_ISR                                     text26       001B64
__end_of_INT1_ISR                                     text25       001B60
__end_of_INT2_ISR                                     text24       001B5C
__end_of_InterruptManager                             intcode_body 00141C
__end_of_MSSP_I2C_BC_ISR                              text23       001B58
__end_of_MSSP_I2C_ISR                                 text22       001B54
__end_of_MSSP_SPI_ISR                                 text21       001B7A
__end_of_MSSP_SPI_Interrupt_Init                      text11       001B78
__end_of_MSSP_SPI_Msster_Mode_GPIO_PIN_Configurations text9        001A5E
__end_of_MSSP_SPI_Slave_Mode_GPIO_PIN_Configurations  text8        0019E6
__end_of_RB4_ISR                                      text20       001B14
__end_of_RB5_ISR                                      text19       001AFA
__end_of_RB6_ISR                                      text18       001AE0
__end_of_RB7_ISR                                      text17       001AC6
__end_of_SPI_Init                                     text7        001572
__end_of_SPI_Read_Byte                                text6        001A2C
__end_of_SPI_Send_Byte                                text5        001A8C
__end_of_TMR0_ISR                                     text16       001B38
__end_of_TMR1_ISR                                     text15       001B2C
__end_of_TMR2_ISR                                     text14       001B4A
__end_of_TMR3_ISR                                     text13       001B20
__end_of__initialization                              cinit        001980
__end_of_application_intialize                        text3        001B50
__end_of_btn_values                                   smallconst   001011
__end_of_ecu_layer_intialize                          text4        001B76
__end_of_gpio_pin_direction_intialize                 text10       0016B6
__end_of_gpio_pin_intialize                           text1        001926
__end_of_gpio_pin_write_logic                         text2        0017E2
__end_of_main                                         text0        0018BA
__initialization                                      cinit        001926
__mediumconst                                         mediumconst  000000
__pbssBANK0                                           bssBANK0     00008A
__pbssCOMRAM                                          bssCOMRAM    000001
__pcinit                                              cinit        001926
__pcstackCOMRAM                                       cstackCOMRAM 000064
__pdataBANK0                                          dataBANK0    000080
__pdataCOMRAM                                         dataCOMRAM   000045
__pidataBANK0                                         idataBANK0   001B38
__pidataCOMRAM                                        idataCOMRAM  001A8C
__pintcode                                            intcode      000008
__pintcode_body                                       intcode_body 001016
__psmallconst                                         smallconst   001000
__ptext0                                              text0        0017E2
__ptext1                                              text1        0018BA
__ptext10                                             text10       001572
__ptext11                                             text11       001B76
__ptext13                                             text13       001B14
__ptext14                                             text14       001B42
__ptext15                                             text15       001B20
__ptext16                                             text16       001B2C
__ptext17                                             text17       001AAC
__ptext18                                             text18       001AC6
__ptext19                                             text19       001AE0
__ptext2                                              text2        0016B6
__ptext20                                             text20       001AFA
__ptext21                                             text21       001B78
__ptext22                                             text22       001B50
__ptext23                                             text23       001B54
__ptext24                                             text24       001B58
__ptext25                                             text25       001B5C
__ptext26                                             text26       001B60
__ptext27                                             text27       001B64
__ptext28                                             text28       001B7A
__ptext29                                             text29       001B68
__ptext3                                              text3        001B4A
__ptext30                                             text30       001B6C
__ptext31                                             text31       001B70
__ptext4                                              text4        001B74
__ptext5                                              text5        001A5E
__ptext6                                              text6        0019E6
__ptext7                                              text7        00141C
__ptext8                                              text8        00198A
__ptext9                                              text9        001A2C
__ramtop                                              ramtop       001000
__smallconst                                          smallconst   001000
_application_intialize                                text3        001B4A
_btn_values                                           smallconst   001001
_ecu_layer_intialize                                  text4        001B74
_gpio_pin_direction_intialize                         text10       001572
_gpio_pin_intialize                                   text1        0018BA
_gpio_pin_write_logic                                 text2        0016B6
_lat_registers                                        dataCOMRAM   000045
_main                                                 text0        0017E2
_port_registers                                       dataBANK0    000080
_timer0_preload                                       bssCOMRAM    000013
_timer1_preload                                       bssCOMRAM    00000F
_timer2_preload                                       bssCOMRAM    000039
_timer3_preload                                       bssCOMRAM    000009
_tris_registers                                       dataCOMRAM   00004F
btemp                                                 temp         00007A
end_of_initialization                                 cinit        001980
gpio_pin_direction_intialize@_pin_config              cstackCOMRAM 000065
gpio_pin_direction_intialize@ret                      cstackCOMRAM 00006D
gpio_pin_intialize@_pin_config                        cstackCOMRAM 00006F
gpio_pin_intialize@ret                                cstackCOMRAM 000072
gpio_pin_write_logic@_pin_config                      cstackCOMRAM 000065
gpio_pin_write_logic@logic                            cstackCOMRAM 000067
gpio_pin_write_logic@ret                              cstackCOMRAM 00006E
int$flags                                             temp         00007A
int_func                                              intcode_body 001016
intlevel0                                             text         000000
intlevel1                                             text         000000
intlevel2                                             text         000000
intlevel3                                             text         000000
isa$std                                               (abs)        000001
isa$xinst                                             (abs)        000000
led_initialize@F3016                                  bssCOMRAM    000040
led_turn_off@F3026                                    bssCOMRAM    00003E
led_turn_on@F3021                                     bssCOMRAM    00003F
led_turn_toggle@F3031                                 bssCOMRAM    00003D
relay_initialize@F3010                                bssCOMRAM    00003C
relay_turn_off@F3020                                  bssCOMRAM    00003A
relay_turn_on@F3015                                   bssCOMRAM    00003B
stackhi                                               (abs)        000000
stacklo                                               (abs)        000000
start                                                 init         00000E
start_initialization                                  cinit        001926
ttemp5                                                temp         00007B
ttemp6                                                temp         00007E
ttemp7                                                temp         000082
wtemp8                                                temp         00007B


MODULE INFORMATION

Module		Function		Class		Link	Load	Size
MCAL_Layer/Timer2/hal_timr2.c
		_TMR2_ISR      		CODE           	1B42	0000	8

MCAL_Layer/Timer2/hal_timr2.c estimated size: 8

MCAL_Layer/Timer0/hal_timr0.c
		_TMR0_ISR      		CODE           	1B2C	0000	12

MCAL_Layer/Timer0/hal_timr0.c estimated size: 12

MCAL_Layer/SPI/hal_spi.c
		_MSSP_SPI_Msster_Mode_GPIO_PIN_Configurations		CODE           	1A2C	0000	50
		_MSSP_SPI_ISR  		CODE           	1B78	0000	2
		_MSSP_SPI_Interrupt_Init		CODE           	1B76	0000	2
		_MSSP_SPI_Slave_Mode_GPIO_PIN_Configurations		CODE           	198A	0000	92
		_SPI_Init      		CODE           	141C	0000	342
		_SPI_Read_Byte 		CODE           	19E6	0000	70
		_SPI_Send_Byte 		CODE           	1A5E	0000	46

MCAL_Layer/SPI/hal_spi.c estimated size: 604

MCAL_Layer/I2C/hal_i2c.c
		_MSSP_I2C_ISR  		CODE           	1B50	0000	4
		_MSSP_I2C_BC_ISR		CODE           	1B54	0000	4

MCAL_Layer/I2C/hal_i2c.c estimated size: 8

MCAL_Layer/usart/hal_usart.c
		_EUSART_RX_ISR 		CODE           	1B7A	0000	2
		_EUSART_TX_ISR 		CODE           	1B64	0000	4

MCAL_Layer/usart/hal_usart.c estimated size: 6

MCAL_Layer/Timer3/hal_timr3.c
		_TMR3_ISR      		CODE           	1B14	0000	12

MCAL_Layer/Timer3/hal_timr3.c estimated size: 12

shared
		_btn_values    		SMALLCONST     	1001	0000	16
		__initialization		CODE           	1926	0000	90

shared estimated size: 106

MCAL_Layer/Interrupt/mcal_external_interrupt.c
		_RB4_ISR       		CODE           	1AFA	0000	26
		_RB5_ISR       		CODE           	1AE0	0000	26
		_RB6_ISR       		CODE           	1AC6	0000	26
		_RB7_ISR       		CODE           	1AAC	0000	26
		_INT0_ISR      		CODE           	1B60	0000	4
		_INT1_ISR      		CODE           	1B5C	0000	4
		_INT2_ISR      		CODE           	1B58	0000	4

MCAL_Layer/Interrupt/mcal_external_interrupt.c estimated size: 116

MCAL_Layer/ADC/hal_adc.c
		_ADC_ISR       		CODE           	1B70	0000	4

MCAL_Layer/ADC/hal_adc.c estimated size: 4

MCAL_Layer/Interrupt/mcal_interrupt_manager.c
		_InterruptManager		CODE           	0008	0000	1036

MCAL_Layer/Interrupt/mcal_interrupt_manager.c estimated size: 1036

MCAL_Layer/GPIO/hal_gpio.c
		_gpio_pin_write_logic		CODE           	16B6	0000	300
		_gpio_pin_intialize		CODE           	18BA	0000	108
		_gpio_pin_direction_intialize		CODE           	1572	0000	324

MCAL_Layer/GPIO/hal_gpio.c estimated size: 732

MCAL_Layer/Timer1/hal_timr1.c
		_TMR1_ISR      		CODE           	1B20	0000	12

MCAL_Layer/Timer1/hal_timr1.c estimated size: 12

ECU_Layer/ecu_layer_init.c
		_ecu_layer_intialize		CODE           	1B74	0000	2

ECU_Layer/ecu_layer_init.c estimated size: 2

application.c
		_main          		CODE           	17E2	0000	216
		_application_intialize		CODE           	1B4A	0000	6

application.c estimated size: 222

MCAL_Layer/CCP/hal_ccp.c
		_CCP1_ISR      		CODE           	1B6C	0000	4
		_CCP2_ISR      		CODE           	1B68	0000	4

MCAL_Layer/CCP/hal_ccp.c estimated size: 8

