Microchip MPLAB XC8 Compiler V2.41

Linker command line:

-W-3 --edf=F:\xc8\pic\dat\20230208172133_en.msgs -cn \
  -h+dist/default/production\SmartHome.X.production.sym \
  --cmf=dist/default/production\SmartHome.X.production.cmf -z -Q18F4620 \
  -oC:\Users\sacri\AppData\Local\Temp\xcAsgcg.\driver_tmp_3.o \
  --defsym=__MPLAB_BUILD=1 --fixupoverflow=error \
  -Mdist/default/production/SmartHome.X.production.map \
  --md=C:\Users\sacri\AppData\Local\Temp\xcAsgcg.\driver_tmp_0.dat -E1 \
  -ver=XC8 Compiler --acfsm=1493 -ACODE=00h-0FFFFh -ACONST=00h-0FFFFh \
  -ASMALLCONST=01000h-010FFhx240 -AMEDIUMCONST=01000h-0FFFFh \
  -ACOMRAM=01h-07Fh -AABS1=00h-0F7Fh -ABIGRAM=01h-0F7Fh \
  -ARAM=080h-0FFh,0100h-01FFhx14,0F00h-0F7Fh -ABANK0=080h-0FFh \
  -ABANK1=0100h-01FFh -ABANK2=0200h-02FFh -ABANK3=0300h-03FFh \
  -ABANK4=0400h-04FFh -ABANK5=0500h-05FFh -ABANK6=0600h-06FFh \
  -ABANK7=0700h-07FFh -ABANK8=0800h-08FFh -ABANK9=0900h-09FFh \
  -ABANK10=0A00h-0AFFh -ABANK11=0B00h-0BFFh -ABANK12=0C00h-0CFFh \
  -ABANK13=0D00h-0DFFh -ABANK14=0E00h-0EFFh -ABANK15=0F00h-0F7Fh \
  -ASFR=0F80h-0FFFh -ABIGSFR=0F80h-0FFFh -ACONFIG=0300000h-030000Dh \
  -AIDLOC=0200000h-0200007h -AEEDATA=0F00000h-0F003FFh -peeprom_data=EEDATA \
  -preset_vec=00h,intcode=08h,intcodelo=018h,powerup,init -pramtop=01000h \
  -psmallconst=SMALLCONST -pmediumconst=MEDIUMCONST -pconst=CONST \
  -AFARRAM=00h-00h \
  -prdata=COMRAM,nvrram=COMRAM,nvbit=COMRAM,rbss=COMRAM,rbit=COMRAM \
  -pfarbss=FARRAM,fardata=FARRAM,nvFARRAM=FARRAM \
  -pintsave_regs=BIGRAM,bigbss=BIGRAM,bigdata=BIGRAM -pbss=RAM \
  -pidata=CODE,irdata=CODE,ibigdata=CODE,ifardata=CODE -prparam=COMRAM \
  C:\Users\sacri\AppData\Local\Temp\xcAsgcg.\driver_tmp_9.o \
  dist/default/production\SmartHome.X.production.o 

Object code version is 3.11

Machine type is 18F4620



                Name                               Link     Load   Length Selector   Space Scale
C:\Users\sacri\AppData\Local\Temp\xcAsgcg.\driver_tmp_9.o
                idloc                            200000   200000        8        0       5
                config                           300000   300000        E        0       4
                init                                 66       66        4        C       0
                reset_vec                             0        0        4        0       0
dist/default/production\SmartHome.X.production.o
                intcodelo                            18       18       4E        C       0
                intcode                               8        8        6        4       0
                idloc                            200000   200000        8        0       5
                config                           300000   300000        E        0       4
                temp                                 5B       5B        1        1       1
                text18                              2DA      2DA       A2        C       0
                text17                              5E0      5E0       94        C       0
                text16                              41A      41A       9C        C       0
                text15                              54C      54C       94        C       0
                text14                              674      674       7C        C       0
                text13                              7FA      7FA       30        C       0
                text12                              886      886        4        C       0
                text11                              882      882        4        C       0
                intcode_body                        4B6      4B6       96        C       0
                text9                               87E      87E        4        C       0
                text8                               87A      87A        4        C       0
                text6                                6A       6A      144        C       0
                text5                               6F0      6F0       6A        C       0
                text4                               1AE      1AE      12C        C       0
                text3                               75A      75A       66        C       0
                text2                               37C      37C       9E        C       0
                text1                               850      850       1E        C       0
                text0                               86E      86E        C        C       0
                cstackCOMRAM                          1        1       2B        1       1
                dataCOMRAM                           2C       2C       26        1       1
                bssCOMRAM                            52       52        9        1       1
                cinit                               7C0      7C0       3A        C       0
                idataCOMRAM                         82A      82A       26        C       0

TOTAL           Name                               Link     Load   Length     Space
        CLASS   CODE           
                intcodelo                            18       18       4E         0
                intcode                               8        8        6         0
                init                                 66       66        4         0
                reset_vec                             0        0        4         0
                text18                              2DA      2DA       A2         0
                text17                              5E0      5E0       94         0
                text16                              41A      41A       9C         0
                text15                              54C      54C       94         0
                text14                              674      674       7C         0
                text13                              7FA      7FA       30         0
                text12                              886      886        4         0
                text11                              882      882        4         0
                intcode_body                        4B6      4B6       96         0
                text9                               87E      87E        4         0
                text8                               87A      87A        4         0
                text6                                6A       6A      144         0
                text5                               6F0      6F0       6A         0
                text4                               1AE      1AE      12C         0
                text3                               75A      75A       66         0
                text2                               37C      37C       9E         0
                text1                               850      850       1E         0
                text0                               86E      86E        C         0
                cinit                               7C0      7C0       3A         0
                idataCOMRAM                         82A      82A       26         0

        CLASS   CONST          

        CLASS   SMALLCONST     

        CLASS   MEDIUMCONST    

        CLASS   COMRAM         
                temp                                 5B       5B        1         1
                cstackCOMRAM                          1        1       2B         1
                dataCOMRAM                           2C       2C       26         1
                bssCOMRAM                            52       52        9         1

        CLASS   ABS1           

        CLASS   BIGRAM         

        CLASS   RAM            

        CLASS   BANK0          

        CLASS   BANK1          

        CLASS   BANK2          

        CLASS   BANK3          

        CLASS   BANK4          

        CLASS   BANK5          

        CLASS   BANK6          

        CLASS   BANK7          

        CLASS   BANK8          

        CLASS   BANK9          

        CLASS   BANK10         

        CLASS   BANK11         

        CLASS   BANK12         

        CLASS   BANK13         

        CLASS   BANK14         

        CLASS   BANK15         

        CLASS   SFR            

        CLASS   BIGSFR         

        CLASS   CONFIG         
                config                           300000   300000        E         4

        CLASS   IDLOC          
                idloc                            200000   200000        8         5

        CLASS   EEDATA         

        CLASS   FARRAM         

        CLASS   HEAP           

        CLASS   STACK          



SEGMENTS        Name                           Load    Length   Top    Selector   Space  Class

                reset_vec                      000000  000004  000004         0       0  CODE    
                cstackCOMRAM                   000001  00005B  00005C         1       1  COMRAM  
                intcode                        000008  000006  00000E         4       0  CODE    
                intcodelo                      000018  000872  00088A         C       0  CODE    


UNUSED ADDRESS RANGES

        Name                Unused          Largest block    Delta
        BANK0            000080-0000FF               80
        BANK1            000100-0001FF              100
        BANK10           000A00-000AFF              100
        BANK11           000B00-000BFF              100
        BANK12           000C00-000CFF              100
        BANK13           000D00-000DFF              100
        BANK14           000E00-000EFF              100
        BANK15           000F00-000F7F               80
        BANK2            000200-0002FF              100
        BANK3            000300-0003FF              100
        BANK4            000400-0004FF              100
        BANK5            000500-0005FF              100
        BANK6            000600-0006FF              100
        BANK7            000700-0007FF              100
        BANK8            000800-0008FF              100
        BANK9            000900-0009FF              100
        BIGRAM           00005C-000F7F              F24
        BIGSFR           000F80-000FFF               80
        CODE             000004-000007                4
                         00000E-000017                A
                         00088A-00FFFF             F776
        COMRAM           00005C-00007F               24
        CONST            000004-000007                4
                         00000E-000017                A
                         00088A-00FFFF             F776
        EEDATA           F00000-F003FF              400
        MEDIUMCONST      001000-00FFFF             F000
        RAM              000080-000F7F              100
        SFR              000F80-000FFF               80
        SMALLCONST       001000-00FFFF              100

                                  Symbol Table

Init_Ext_INT0@F2581                      dataCOMRAM   00004D
Init_Ext_INT0@int0_obj                   cstackCOMRAM 000021
Init_Ext_INT0@int0_pin                   cstackCOMRAM 000025
Init_Ext_INT0@ret                        cstackCOMRAM 000024
Init_Ext_INT1@F2588                      dataCOMRAM   00004C
Init_Ext_INT2@F2595                      dataCOMRAM   00004B
_ExtInt0                                 dataCOMRAM   00004E
_INTCON2bits                             (abs)        000FF1
_INTCON3bits                             (abs)        000FF0
_INTCONbits                              (abs)        000FF2
_ISR_INT0                                text13       0007FA
_ISR_INT1                                text9        00087E
_ISR_INT2                                text8        00087A
_Init_Ext_INT0                           text5        0006F0
_InterruptHandler_INT0                   bssCOMRAM    000056
_InterruptHandler_INT1                   bssCOMRAM    000054
_InterruptHandler_INT2                   bssCOMRAM    000052
_InterruptManagerHigh                    intcode      000008
_InterruptManagerLow                     intcodelo    000018
_LATA                                    (abs)        000F89
_LATB                                    (abs)        000F8A
_LATC                                    (abs)        000F8B
_LATD                                    (abs)        000F8C
_LATE                                    (abs)        000F8D
_PORTA                                   (abs)        000F80
_PORTB                                   (abs)        000F81
_PORTC                                   (abs)        000F82
_PORTD                                   (abs)        000F83
_PORTE                                   (abs)        000F84
_RCONbits                                (abs)        000FD0
_TRISA                                   (abs)        000F92
_TRISB                                   (abs)        000F93
_TRISC                                   (abs)        000F94
_TRISD                                   (abs)        000F95
_TRISE                                   (abs)        000F96
__HRAM                                   (abs)        000000
__H__absolute__                          __absolute__ 000000
__Habs1                                  abs1         000000
__Hbank0                                 bank0        000000
__Hbank1                                 bank1        000000
__Hbank10                                bank10       000000
__Hbank11                                bank11       000000
__Hbank12                                bank12       000000
__Hbank13                                bank13       000000
__Hbank14                                bank14       000000
__Hbank15                                bank15       000000
__Hbank2                                 bank2        000000
__Hbank3                                 bank3        000000
__Hbank4                                 bank4        000000
__Hbank5                                 bank5        000000
__Hbank6                                 bank6        000000
__Hbank7                                 bank7        000000
__Hbank8                                 bank8        000000
__Hbank9                                 bank9        000000
__Hbigbss                                bigbss       000000
__Hbigdata                               bigdata      000000
__Hbigram                                bigram       000000
__Hbigsfr                                bigsfr       000000
__Hbss                                   bss          000000
__HbssCOMRAM                             bssCOMRAM    000000
__Hcinit                                 cinit        000000
__Hclrtext                               clrtext      000000
__Hcomram                                comram       000000
__Hconfig                                config       30000E
__Hconst                                 const        000000
__HcstackCOMRAM                          cstackCOMRAM 000000
__Hdata                                  data         000000
__HdataCOMRAM                            dataCOMRAM   000000
__Heeprom_data                           eeprom_data  000000
__Hfarbss                                farbss       000000
__Hfardata                               fardata      000000
__Hheap                                  heap         000000
__Hibigdata                              ibigdata     000000
__Hidata                                 idata        000000
__HidataCOMRAM                           idataCOMRAM  000000
__Hidloc                                 idloc        200008
__Hifardata                              ifardata     000000
__Hinit                                  init         00006A
__Hintcode                               intcode      00000E
__Hintcode_body                          intcode_body 000000
__Hintcodelo                             intcodelo    000066
__Hintentry                              intentry     000000
__Hintret                                intret       000000
__Hintsave_regs                          intsave_regs 000000
__Hirdata                                irdata       000000
__Hmediumconst                           mediumconst  000000
__HnvFARRAM                              nvFARRAM     000000
__Hnvbit                                 nvbit        000000
__Hnvrram                                nvrram       000000
__Hparam                                 rparam       000000
__Hpowerup                               powerup      000066
__Hram                                   ram          000000
__Hramtop                                ramtop       001000
__Hrbit                                  rbit         000000
__Hrbss                                  rbss         000000
__Hrdata                                 rdata        000000
__Hreset_vec                             reset_vec    000004
__Hrparam                                rparam       000000
__Hsfr                                   sfr          000000
__Hsmallconst                            smallconst   000000
__Hspace_0                               (abs)        001000
__Hspace_1                               (abs)        00005C
__Hspace_2                               (abs)        000000
__Hspace_4                               (abs)        60000E
__Hstack                                 stack        000000
__Hstruct                                struct       000000
__Htemp                                  temp         00005C
__Htext                                  text         000000
__Htext0                                 text0        000000
__Htext1                                 text1        000000
__Htext11                                text11       000000
__Htext12                                text12       000000
__Htext13                                text13       000000
__Htext14                                text14       000000
__Htext15                                text15       000000
__Htext16                                text16       000000
__Htext17                                text17       000000
__Htext18                                text18       000000
__Htext19                                text19       000000
__Htext2                                 text2        000000
__Htext3                                 text3        000000
__Htext4                                 text4        000000
__Htext5                                 text5        000000
__Htext6                                 text6        000000
__Htext8                                 text8        000000
__Htext9                                 text9        000000
__LRAM                                   (abs)        000001
__L__absolute__                          __absolute__ 000000
__Labs1                                  abs1         000000
__Lbank0                                 bank0        000000
__Lbank1                                 bank1        000000
__Lbank10                                bank10       000000
__Lbank11                                bank11       000000
__Lbank12                                bank12       000000
__Lbank13                                bank13       000000
__Lbank14                                bank14       000000
__Lbank15                                bank15       000000
__Lbank2                                 bank2        000000
__Lbank3                                 bank3        000000
__Lbank4                                 bank4        000000
__Lbank5                                 bank5        000000
__Lbank6                                 bank6        000000
__Lbank7                                 bank7        000000
__Lbank8                                 bank8        000000
__Lbank9                                 bank9        000000
__Lbigbss                                bigbss       000000
__Lbigdata                               bigdata      000000
__Lbigram                                bigram       000000
__Lbigsfr                                bigsfr       000000
__Lbss                                   bss          000000
__LbssCOMRAM                             bssCOMRAM    000000
__Lcinit                                 cinit        000000
__Lclrtext                               clrtext      000000
__Lcomram                                comram       000000
__Lconfig                                config       000000
__Lconst                                 const        000000
__LcstackCOMRAM                          cstackCOMRAM 000000
__Ldata                                  data         000000
__LdataCOMRAM                            dataCOMRAM   000000
__Leeprom_data                           eeprom_data  000000
__Lfarbss                                farbss       000000
__Lfardata                               fardata      000000
__Lheap                                  heap         000000
__Libigdata                              ibigdata     000000
__Lidata                                 idata        000000
__LidataCOMRAM                           idataCOMRAM  000000
__Lidloc                                 idloc        000000
__Lifardata                              ifardata     000000
__Linit                                  init         000066
__Lintcode                               intcode      000008
__Lintcode_body                          intcode_body 000000
__Lintcodelo                             intcodelo    000018
__Lintentry                              intentry     000000
__Lintret                                intret       000000
__Lintsave_regs                          intsave_regs 000000
__Lirdata                                irdata       000000
__Lmediumconst                           mediumconst  000000
__LnvFARRAM                              nvFARRAM     000000
__Lnvbit                                 nvbit        000000
__Lnvrram                                nvrram       000000
__Lparam                                 rparam       000000
__Lpowerup                               powerup      000066
__Lram                                   ram          000000
__Lramtop                                ramtop       001000
__Lrbit                                  rbit         000000
__Lrbss                                  rbss         000000
__Lrdata                                 rdata        000000
__Lreset_vec                             reset_vec    000000
__Lrparam                                rparam       000000
__Lsfr                                   sfr          000000
__Lsmallconst                            smallconst   000000
__Lspace_0                               (abs)        000000
__Lspace_1                               (abs)        000000
__Lspace_2                               (abs)        000000
__Lspace_4                               (abs)        000000
__Lstack                                 stack        000000
__Lstruct                                struct       000000
__Ltemp                                  temp         00005B
__Ltext                                  text         000000
__Ltext0                                 text0        000000
__Ltext1                                 text1        000000
__Ltext11                                text11       000000
__Ltext12                                text12       000000
__Ltext13                                text13       000000
__Ltext14                                text14       000000
__Ltext15                                text15       000000
__Ltext16                                text16       000000
__Ltext17                                text17       000000
__Ltext18                                text18       000000
__Ltext19                                text19       000000
__Ltext2                                 text2        000000
__Ltext3                                 text3        000000
__Ltext4                                 text4        000000
__Ltext5                                 text5        000000
__Ltext6                                 text6        000000
__Ltext8                                 text8        000000
__Ltext9                                 text9        000000
__S0                                     (abs)        00088A
__S1                                     (abs)        00005C
__S4                                     (abs)        000000
__S5                                     (abs)        000000
___heap_hi                               (abs)        000000
___heap_lo                               (abs)        000000
___inthi_sp                              stack        000000
___intlo_sp                              stack        000000
___param_bank                            (abs)        000000
___rparam_used                           (abs)        000001
___sp                                    stack        000000
__accesstop                              (abs)        000080
__activetblptr                           (abs)        000002
__end_of_ISR_INT0                        text13       00082A
__end_of_ISR_INT1                        text9        000882
__end_of_ISR_INT2                        text8        00087E
__end_of_Init_Ext_INT0                   text5        00075A
__end_of_InterruptManagerHigh            intcode_body 00054C
__end_of_InterruptManagerLow             intcodelo    000066
__end_of__initialization                 cinit        0007EC
__end_of_app_init                        text1        00086E
__end_of_gpio_pin_direction_intialize    text6        0001AE
__end_of_gpio_pin_intialize              text3        0007C0
__end_of_gpio_pin_write_logic            text4        0002DA
__end_of_gpio_set_pin_high               text16       0004B6
__end_of_gpio_set_pin_low                text18       00037C
__end_of_interruptHandler_ExtInt0        text14       0006F0
__end_of_led_init                        text2        00041A
__end_of_led_off                         text17       000674
__end_of_led_on                          text15       0005E0
__end_of_main                            text0        00087A
__end_ofi2_ISR_INT1                      text12       00088A
__end_ofi2_ISR_INT2                      text11       000886
__initialization                         cinit        0007C0
__mediumconst                            mediumconst  000000
__pbssCOMRAM                             bssCOMRAM    000052
__pcinit                                 cinit        0007C0
__pcstackCOMRAM                          cstackCOMRAM 000001
__pdataCOMRAM                            dataCOMRAM   00002C
__pidataCOMRAM                           idataCOMRAM  00082A
__pintcode                               intcode      000008
__pintcode_body                          intcode_body 0004B6
__pintcodelo                             intcodelo    000018
__ptext0                                 text0        00086E
__ptext1                                 text1        000850
__ptext11                                text11       000882
__ptext12                                text12       000886
__ptext13                                text13       0007FA
__ptext14                                text14       000674
__ptext15                                text15       00054C
__ptext16                                text16       00041A
__ptext17                                text17       0005E0
__ptext18                                text18       0002DA
__ptext19                                text19       000000
__ptext2                                 text2        00037C
__ptext3                                 text3        00075A
__ptext4                                 text4        0001AE
__ptext5                                 text5        0006F0
__ptext6                                 text6        00006A
__ptext8                                 text8        00087A
__ptext9                                 text9        00087E
__ramtop                                 ramtop       001000
__smallconst                             smallconst   000000
_app_init                                text1        000850
_cnt                                     dataCOMRAM   00004A
_gpio_pin_direction_intialize            text6        00006A
_gpio_pin_intialize                      text3        00075A
_gpio_pin_write_logic                    text4        0001AE
_gpio_set_pin_high                       text16       00041A
_gpio_set_pin_low                        text18       0002DA
_interruptHandler_ExtInt0                text14       000674
_lat_registers                           dataCOMRAM   000036
_led1                                    dataCOMRAM   000051
_led_init                                text2        00037C
_led_off                                 text17       0005E0
_led_on                                  text15       00054C
_main                                    text0        00086E
_port_registers                          dataCOMRAM   00002C
_tris_registers                          dataCOMRAM   000040
app_init@ret                             cstackCOMRAM 00002B
btemp                                    temp         00005B
end_of_initialization                    cinit        0007EC
gpio_pin_direction_intialize@_pin_config cstackCOMRAM 000018
gpio_pin_direction_intialize@ret         cstackCOMRAM 000020
gpio_pin_intialize@_pin_config           cstackCOMRAM 000022
gpio_pin_intialize@ret                   cstackCOMRAM 000025
gpio_pin_write_logic@_pin_config         cstackCOMRAM 000018
gpio_pin_write_logic@logic               cstackCOMRAM 00001A
gpio_pin_write_logic@ret                 cstackCOMRAM 000021
gpio_set_pin_high@_pin_config            cstackCOMRAM 000001
gpio_set_pin_high@ret                    cstackCOMRAM 000008
gpio_set_pin_low@_pin_config             cstackCOMRAM 000001
gpio_set_pin_low@ret                     cstackCOMRAM 000009
i2_ISR_INT1                              text12       000886
i2_ISR_INT2                              text11       000882
int$flags                                temp         00005B
int_func                                 intcode_body 0004B6
interruptHandler_ExtInt0@i               cstackCOMRAM 000010
intlevel0                                text         000000
intlevel1                                text         000000
intlevel2                                text         000000
intlevel3                                text         000000
isa$std                                  (abs)        000001
isa$xinst                                (abs)        000000
led_init@F2551                           bssCOMRAM    00005A
led_init@led                             cstackCOMRAM 000026
led_init@led_pin                         cstackCOMRAM 00002A
led_init@ret                             cstackCOMRAM 000029
led_off@F2561                            bssCOMRAM    000058
led_off@led                              cstackCOMRAM 00000A
led_off@led_pin                          cstackCOMRAM 00000D
led_on@F2556                             bssCOMRAM    000059
led_on@led                               cstackCOMRAM 000009
led_on@led_pin                           cstackCOMRAM 00000C
stackhi                                  (abs)        000000
stacklo                                  (abs)        000000
start                                    init         000066
start_initialization                     cinit        0007C0
ttemp5                                   temp         00005C
ttemp6                                   temp         00005F
ttemp7                                   temp         000063
wtemp8                                   temp         00005C


MODULE INFORMATION

Module		Function		Class		Link	Load	Size
MCAL/GPIO/MCAL_GPIO.c
		_gpio_set_pin_low		CODE           	02DA	0000	162
		_gpio_set_pin_high		CODE           	041A	0000	156
		_gpio_pin_write_logic		CODE           	01AE	0000	300
		_gpio_pin_intialize		CODE           	075A	0000	102
		_gpio_pin_direction_intialize		CODE           	006A	0000	324

MCAL/GPIO/MCAL_GPIO.c estimated size: 1044

App_layer/Application.c
		_main          		CODE           	086E	0000	12

App_layer/Application.c estimated size: 12

App_layer/APP_init.c
		_interruptHandler_ExtInt0		CODE           	0674	0000	124
		_app_init      		CODE           	0850	0000	30

App_layer/APP_init.c estimated size: 154

MCAL/Interrupts/MCAL_Interrupts_external.c
		_Init_Ext_INT0 		CODE           	06F0	0000	106
		_ISR_INT0      		CODE           	07FA	0000	48
		_ISR_INT1      		CODE           	087E	0000	4
		_ISR_INT2      		CODE           	087A	0000	4

MCAL/Interrupts/MCAL_Interrupts_external.c estimated size: 162

ECUL/led/ECUL_led.c
		_led_init      		CODE           	037C	0000	158
		_led_off       		CODE           	05E0	0000	148
		_led_on        		CODE           	054C	0000	148

ECUL/led/ECUL_led.c estimated size: 454

shared
		__initialization		CODE           	07C0	0000	44
		i2_ISR_INT1    		CODE           	0886	0000	4
		i2_ISR_INT2    		CODE           	0882	0000	4

shared estimated size: 52

MCAL/Interrupts/MCAL_interrupt_manager.c
		_InterruptManagerLow		CODE           	0018	0000	78
		_InterruptManagerHigh		CODE           	0008	0000	156

MCAL/Interrupts/MCAL_interrupt_manager.c estimated size: 234

