Microchip MPLAB XC8 Compiler V2.41

Linker command line:

-W-3 --edf=F:\xc8\pic\dat\20230208172133_en.msgs -cn \
  -h+dist/default/production\SmartHome.X.production.sym \
  --cmf=dist/default/production\SmartHome.X.production.cmf -z -Q18F4620 \
  -oC:\Users\sacri\AppData\Local\Temp\xcAscd4.\driver_tmp_3.o \
  --defsym=__MPLAB_BUILD=1 --fixupoverflow=error \
  -Mdist/default/production/SmartHome.X.production.map \
  --md=C:\Users\sacri\AppData\Local\Temp\xcAscd4.\driver_tmp_0.dat -E1 \
  -ver=XC8 Compiler --acfsm=1493 -ACODE=00h-0FFFFh -ACONST=00h-0FFFFh \
  -ASMALLCONST=01000h-010FFhx240 -AMEDIUMCONST=01000h-0FFFFh \
  -ACOMRAM=01h-07Fh -AABS1=00h-0F7Fh -ABIGRAM=01h-0F7Fh \
  -ARAM=080h-0FFh,0100h-01FFhx14,0F00h-0F7Fh -ABANK0=080h-0FFh \
  -ABANK1=0100h-01FFh -ABANK2=0200h-02FFh -ABANK3=0300h-03FFh \
  -ABANK4=0400h-04FFh -ABANK5=0500h-05FFh -ABANK6=0600h-06FFh \
  -ABANK7=0700h-07FFh -ABANK8=0800h-08FFh -ABANK9=0900h-09FFh \
  -ABANK10=0A00h-0AFFh -ABANK11=0B00h-0BFFh -ABANK12=0C00h-0CFFh \
  -ABANK13=0D00h-0DFFh -ABANK14=0E00h-0EFFh -ABANK15=0F00h-0F7Fh \
  -ASFR=0F80h-0FFFh -ABIGSFR=0F80h-0FFFh -ACONFIG=0300000h-030000Dh \
  -AIDLOC=0200000h-0200007h -AEEDATA=0F00000h-0F003FFh -peeprom_data=EEDATA \
  -preset_vec=00h,intcode=08h,intcodelo,powerup,init -pramtop=01000h \
  -psmallconst=SMALLCONST -pmediumconst=MEDIUMCONST -pconst=CONST \
  -AFARRAM=00h-00h \
  -prdata=COMRAM,nvrram=COMRAM,nvbit=COMRAM,rbss=COMRAM,rbit=COMRAM \
  -pfarbss=FARRAM,fardata=FARRAM,nvFARRAM=FARRAM \
  -pintsave_regs=BIGRAM,bigbss=BIGRAM,bigdata=BIGRAM -pbss=RAM \
  -pidata=CODE,irdata=CODE,ibigdata=CODE,ifardata=CODE -prparam=COMRAM \
  C:\Users\sacri\AppData\Local\Temp\xcAscd4.\driver_tmp_9.o \
  dist/default/production\SmartHome.X.production.o 

Object code version is 3.11

Machine type is 18F4620



                Name                               Link     Load   Length Selector   Space Scale
C:\Users\sacri\AppData\Local\Temp\xcAscd4.\driver_tmp_9.o
                idloc                            200000   200000        8        0       5
                config                           300000   300000        E        0       4
                init                                  E        E        4        4       0
                reset_vec                             0        0        4        0       0
dist/default/production\SmartHome.X.production.o
                intcode                               8        8        6        4       0
                idloc                            200000   200000        8        0       5
                config                           300000   300000        E        0       4
                temp                                 74       74        1        1       1
                smallconst                         1000     1000       58      800       0
                text40                             2216     2216        4     1081       0
                text39                             2212     2212        4     1081       0
                text38                             220E     220E        4     1081       0
                text37                             221C     221C        2     1081       0
                text36                             220A     220A        4     1081       0
                text35                             2206     2206        4     1081       0
                text34                             2202     2202        4     1081       0
                text33                             21FE     21FE        4     1081       0
                text32                             21FA     21FA        4     1081       0
                text31                             21F6     21F6        4     1081       0
                text30                             221A     221A        2     1081       0
                text29                             2192     2192       1A     1081       0
                text28                             2178     2178       1A     1081       0
                text27                             215E     215E       1A     1081       0
                text26                             2144     2144       1A     1081       0
                text25                             21E2     21E2        C     1081       0
                text24                             21D6     21D6        C     1081       0
                text23                             21EE     21EE        8     1081       0
                text22                             21CA     21CA        C     1081       0
                intcode_body                       1058     1058      406      82C       0
                text20                             15C0     15C0      144      82C       0
                text19                             1830     1830      12C      82C       0
                text18                             1EFE     1EFE       6C      82C       0
                text17                             1D22     1D22       80      82C       0
                text16                             207A     207A       34      82C       0
                text15                             1F6A     1F6A       68      82C       0
                text14                             1E8C     1E8C       72      82C       0
                text13                             1704     1704      12C      82C       0
                text12                             212A     212A       1A     1081       0
                text11                             1A82     1A82       B8      82C       0
                text10                             195C     195C      126      82C       0
                text9                              2102     2102       28     1081       0
                text8                              1E1A     1E1A       72      82C       0
                text7                              1B3A     1B3A       A8      82C       0
                text6                              1DA2     1DA2       78      82C       0
                text5                              2034     2034       46      82C       0
                text4                              1C82     1C82       A0      82C       0
                text3                              1BE2     1BE2       A0      82C       0
                text2                              145E     145E      162      82C       0
                text1                              20AE     20AE       2A      82C       0
                text0                              21BE     21BE        C     1081       0
                cstackCOMRAM                         3F       3F       23        1       1
                cstackBANK0                          B5       B5        B       80       1
                dataBANK0                            80       80       29       80       1
                bssBANK0                             A9       A9        C       80       1
                dataCOMRAM                           62       62       12        1       1
                bssCOMRAM                             1        1       3E        1       1
                cinit                              1FD2     1FD2       62      82C       0
                nvBANK0                              C0       C0        2       80       1
                idataBANK0                         20D8     20D8       29      82C       0
                idataCOMRAM                        21AC     21AC       12     1081       0

TOTAL           Name                               Link     Load   Length     Space
        CLASS   CODE           
                intcode                               8        8        6         0
                init                                  E        E        4         0
                reset_vec                             0        0        4         0
                text40                             2216     2216        4         0
                text39                             2212     2212        4         0
                text38                             220E     220E        4         0
                text37                             221C     221C        2         0
                text36                             220A     220A        4         0
                text35                             2206     2206        4         0
                text34                             2202     2202        4         0
                text33                             21FE     21FE        4         0
                text32                             21FA     21FA        4         0
                text31                             21F6     21F6        4         0
                text30                             221A     221A        2         0
                text29                             2192     2192       1A         0
                text28                             2178     2178       1A         0
                text27                             215E     215E       1A         0
                text26                             2144     2144       1A         0
                text25                             21E2     21E2        C         0
                text24                             21D6     21D6        C         0
                text23                             21EE     21EE        8         0
                text22                             21CA     21CA        C         0
                intcode_body                       1058     1058      406         0
                text20                             15C0     15C0      144         0
                text19                             1830     1830      12C         0
                text18                             1EFE     1EFE       6C         0
                text17                             1D22     1D22       80         0
                text16                             207A     207A       34         0
                text15                             1F6A     1F6A       68         0
                text14                             1E8C     1E8C       72         0
                text13                             1704     1704      12C         0
                text12                             212A     212A       1A         0
                text11                             1A82     1A82       B8         0
                text10                             195C     195C      126         0
                text9                              2102     2102       28         0
                text8                              1E1A     1E1A       72         0
                text7                              1B3A     1B3A       A8         0
                text6                              1DA2     1DA2       78         0
                text5                              2034     2034       46         0
                text4                              1C82     1C82       A0         0
                text3                              1BE2     1BE2       A0         0
                text2                              145E     145E      162         0
                text1                              20AE     20AE       2A         0
                text0                              21BE     21BE        C         0
                cinit                              1FD2     1FD2       62         0
                idataBANK0                         20D8     20D8       29         0
                idataCOMRAM                        21AC     21AC       12         0

        CLASS   CONST          

        CLASS   SMALLCONST     
                smallconst                         1000     1000       58         0

        CLASS   MEDIUMCONST    

        CLASS   COMRAM         
                temp                                 74       74        1         1
                cstackCOMRAM                         3F       3F       23         1
                dataCOMRAM                           62       62       12         1
                bssCOMRAM                             1        1       3E         1

        CLASS   ABS1           

        CLASS   BIGRAM         

        CLASS   RAM            

        CLASS   BANK0          
                cstackBANK0                          B5       B5        B         1
                dataBANK0                            80       80       29         1
                bssBANK0                             A9       A9        C         1
                nvBANK0                              C0       C0        2         1

        CLASS   BANK1          

        CLASS   BANK2          

        CLASS   BANK3          

        CLASS   BANK4          

        CLASS   BANK5          

        CLASS   BANK6          

        CLASS   BANK7          

        CLASS   BANK8          

        CLASS   BANK9          

        CLASS   BANK10         

        CLASS   BANK11         

        CLASS   BANK12         

        CLASS   BANK13         

        CLASS   BANK14         

        CLASS   BANK15         

        CLASS   SFR            

        CLASS   BIGSFR         

        CLASS   CONFIG         
                config                           300000   300000        E         4

        CLASS   IDLOC          
                idloc                            200000   200000        8         5

        CLASS   EEDATA         

        CLASS   FARRAM         

        CLASS   HEAP           

        CLASS   STACK          



SEGMENTS        Name                           Load    Length   Top    Selector   Space  Class

                reset_vec                      000000  000004  000004         0       0  CODE    
                bssCOMRAM                      000001  000074  000075         1       1  COMRAM  
                intcode                        000008  00000A  000012         4       0  CODE    
                dataBANK0                      000080  000042  0000C2        80       1  BANK0   
                smallconst                     001000  000058  001058       800       0  SMALLCON
                intcode_body                   001058  0010A9  002101       82C       0  CODE    
                text9                          002102  00011C  00221E      1081       0  CODE    


UNUSED ADDRESS RANGES

        Name                Unused          Largest block    Delta
        BANK0            0000C2-0000FF               3E
        BANK1            000100-0001FF              100
        BANK10           000A00-000AFF              100
        BANK11           000B00-000BFF              100
        BANK12           000C00-000CFF              100
        BANK13           000D00-000DFF              100
        BANK14           000E00-000EFF              100
        BANK15           000F00-000F7F               80
        BANK2            000200-0002FF              100
        BANK3            000300-0003FF              100
        BANK4            000400-0004FF              100
        BANK5            000500-0005FF              100
        BANK6            000600-0006FF              100
        BANK7            000700-0007FF              100
        BANK8            000800-0008FF              100
        BANK9            000900-0009FF              100
        BIGRAM           000075-00007F                B
                         0000C2-000F7F              EBE
        BIGSFR           000F80-000FFF               80
        CODE             000004-000007                4
                         000012-000FFF              FEE
                         002101-002101                1
                         00221E-00FFFF             DDE2
        COMRAM           000075-00007F                B
        CONST            000004-000007                4
                         000012-000FFF              FEE
                         002101-002101                1
                         00221E-00FFFF             DDE2
        EEDATA           F00000-F003FF              400
        MEDIUMCONST      002101-002101                1
                         00221E-00FFFF             DDE2
        RAM              0000C2-000F7F              100
        SFR              000F80-000FFF               80
        SMALLCONST       002101-002101                1
                         00221E-00FFFF              100

                                  Symbol Table

MSSP_SPI_Msster_Mode_GPIO_PIN_Configurations@F3058 dataCOMRAM   000069
MSSP_SPI_Msster_Mode_GPIO_PIN_Configurations@F3060 dataCOMRAM   000068
MSSP_SPI_Msster_Mode_GPIO_PIN_Configurations@F3062 dataCOMRAM   000067
MSSP_SPI_Slave_Mode_GPIO_PIN_Configurations@F3067  dataCOMRAM   000066
MSSP_SPI_Slave_Mode_GPIO_PIN_Configurations@F3069  dataCOMRAM   000065
MSSP_SPI_Slave_Mode_GPIO_PIN_Configurations@F3071  dataCOMRAM   000064
MSSP_SPI_Slave_Mode_GPIO_PIN_Configurations@F3073  dataCOMRAM   000063
RB4_ISR@RB4_Source                                 cstackCOMRAM 00003F
RB5_ISR@RB5_Source                                 cstackCOMRAM 00003F
RB6_ISR@RB6_Source                                 cstackCOMRAM 00003F
RB7_ISR@RB7_Source                                 cstackCOMRAM 00003F
_ADCON0bits                                        (abs)        000FC2
_ADCON1bits                                        (abs)        000FC1
_ADCON2bits                                        (abs)        000FC0
_ADC_ISR                                           text40       002216
_ADC_InterruptHandler                              bssCOMRAM    000035
_ADRESH                                            (abs)        000FC4
_ADRESL                                            (abs)        000FC3
_BAUDCONbits                                       (abs)        000FB8
_CCP1CONbits                                       (abs)        000FBD
_CCP1_ISR                                          text39       002212
_CCP1_InterruptHandler                             bssCOMRAM    000033
_CCP2CONbits                                       (abs)        000FBA
_CCP2_ISR                                          text38       00220E
_CCP2_InterruptHandler                             bssCOMRAM    000031
_CCPR1L                                            (abs)        000FBE
_CCPR2L                                            (abs)        000FBB
_EEADR                                             (abs)        000FA9
_EEADRH                                            (abs)        000FAA
_EECON1bits                                        (abs)        000FA6
_EECON2                                            (abs)        000FA7
_EEDATA                                            (abs)        000FA8
_EUSART_FramingErrorHandler                        bssCOMRAM    000003
_EUSART_OverrunErrorHandler                        bssCOMRAM    000001
_EUSART_RX_ISR                                     text37       00221C
_EUSART_RxInterruptHandler                         bssCOMRAM    000005
_EUSART_TX_ISR                                     text36       00220A
_EUSART_TxInterruptHandler                         bssCOMRAM    000007
_I2C_DefaultInterruptHandle                        bssCOMRAM    00002D
_I2C_Report_Receive_Overflow_InterruptHandle       bssBANK0     0000B3
_I2C_Report_Write_Collision_InterruptHandler       bssCOMRAM    00002F
_INT0_ISR                                          text35       002206
_INT0_InterruptHandler                             bssCOMRAM    00002B
_INT1_ISR                                          text34       002202
_INT1_InterruptHandler                             bssCOMRAM    000029
_INT2_ISR                                          text33       0021FE
_INT2_InterruptHandler                             bssCOMRAM    000027
_INTCON2bits                                       (abs)        000FF1
_INTCON3bits                                       (abs)        000FF0
_INTCONbits                                        (abs)        000FF2
_InterruptManager                                  intcode      000008
_LATA                                              (abs)        000F89
_LATB                                              (abs)        000F8A
_LATC                                              (abs)        000F8B
_LATD                                              (abs)        000F8C
_LATE                                              (abs)        000F8D
_MSSP_I2C_BC_ISR                                   text32       0021FA
_MSSP_I2C_ISR                                      text31       0021F6
_MSSP_SPI_ISR                                      text30       00221A
_PIE1bits                                          (abs)        000F9D
_PIE2bits                                          (abs)        000FA0
_PIR1bits                                          (abs)        000F9E
_PIR2bits                                          (abs)        000FA1
_PORTA                                             (abs)        000F80
_PORTB                                             (abs)        000F81
_PORTBbits                                         (abs)        000F81
_PORTC                                             (abs)        000F82
_PORTD                                             (abs)        000F83
_PORTE                                             (abs)        000F84
_PR2                                               (abs)        000FCB
_RB4_Flag                                          dataCOMRAM   00006D
_RB4_ISR                                           text29       002192
_RB4_InterruptHandler_HIGH                         bssCOMRAM    000025
_RB4_InterruptHandler_LOW                          bssCOMRAM    000023
_RB5_Flag                                          dataCOMRAM   00006C
_RB5_ISR                                           text28       002178
_RB5_InterruptHandler_HIGH                         bssCOMRAM    000021
_RB5_InterruptHandler_LOW                          bssCOMRAM    00001F
_RB6_Flag                                          dataCOMRAM   00006B
_RB6_ISR                                           text27       00215E
_RB6_InterruptHandler_HIGH                         bssCOMRAM    00001D
_RB6_InterruptHandler_LOW                          bssCOMRAM    00001B
_RB7_Flag                                          dataCOMRAM   00006A
_RB7_ISR                                           text26       002144
_RB7_InterruptHandler_HIGH                         bssCOMRAM    000019
_RB7_InterruptHandler_LOW                          bssCOMRAM    000017
_RCREG                                             (abs)        000FAE
_RCSTAbits                                         (abs)        000FAB
_SPBRG                                             (abs)        000FAF
_SPBRGH                                            (abs)        000FB0
_SSPADD                                            (abs)        000FC8
_SSPBUF                                            (abs)        000FC9
_SSPCON1bits                                       (abs)        000FC6
_SSPCON2bits                                       (abs)        000FC5
_SSPSTATbits                                       (abs)        000FC7
_T0CONbits                                         (abs)        000FD5
_T1CONbits                                         (abs)        000FCD
_T2CONbits                                         (abs)        000FCA
_T3CONbits                                         (abs)        000FB1
_TMR0H                                             (abs)        000FD7
_TMR0L                                             (abs)        000FD6
_TMR0_ISR                                          text25       0021E2
_TMR0_InterruptHandler                             bssCOMRAM    000015
_TMR1H                                             (abs)        000FCF
_TMR1L                                             (abs)        000FCE
_TMR1_ISR                                          text24       0021D6
_TMR1_InterruptHandler                             bssCOMRAM    000011
_TMR2                                              (abs)        000FCC
_TMR2_ISR                                          text23       0021EE
_TMR2_InterruptHandler                             bssCOMRAM    00000D
_TMR3H                                             (abs)        000FB3
_TMR3L                                             (abs)        000FB2
_TMR3_ISR                                          text22       0021CA
_TMR3_InterruptHandler                             bssCOMRAM    00000B
_TRISA                                             (abs)        000F92
_TRISB                                             (abs)        000F93
_TRISC                                             (abs)        000F94
_TRISCbits                                         (abs)        000F94
_TRISD                                             (abs)        000F95
_TRISE                                             (abs)        000F96
_TXREG                                             (abs)        000FAD
_TXSTAbits                                         (abs)        000FAC
__HRAM                                             (abs)        000000
__H__absolute__                                    __absolute__ 000000
__Habs1                                            abs1         000000
__Hbank0                                           bank0        000000
__Hbank1                                           bank1        000000
__Hbank10                                          bank10       000000
__Hbank11                                          bank11       000000
__Hbank12                                          bank12       000000
__Hbank13                                          bank13       000000
__Hbank14                                          bank14       000000
__Hbank15                                          bank15       000000
__Hbank2                                           bank2        000000
__Hbank3                                           bank3        000000
__Hbank4                                           bank4        000000
__Hbank5                                           bank5        000000
__Hbank6                                           bank6        000000
__Hbank7                                           bank7        000000
__Hbank8                                           bank8        000000
__Hbank9                                           bank9        000000
__Hbigbss                                          bigbss       000000
__Hbigdata                                         bigdata      000000
__Hbigram                                          bigram       000000
__Hbigsfr                                          bigsfr       000000
__Hbss                                             bss          000000
__HbssBANK0                                        bssBANK0     000000
__HbssCOMRAM                                       bssCOMRAM    000000
__Hcinit                                           cinit        000000
__Hclrtext                                         clrtext      000000
__Hcomram                                          comram       000000
__Hconfig                                          config       30000E
__Hconst                                           const        000000
__HcstackBANK0                                     cstackBANK0  000000
__HcstackCOMRAM                                    cstackCOMRAM 000000
__Hdata                                            data         000000
__HdataBANK0                                       dataBANK0    000000
__HdataCOMRAM                                      dataCOMRAM   000000
__Heeprom_data                                     eeprom_data  000000
__Hfarbss                                          farbss       000000
__Hfardata                                         fardata      000000
__Hheap                                            heap         000000
__Hibigdata                                        ibigdata     000000
__Hidata                                           idata        000000
__HidataBANK0                                      idataBANK0   000000
__HidataCOMRAM                                     idataCOMRAM  000000
__Hidloc                                           idloc        200008
__Hifardata                                        ifardata     000000
__Hinit                                            init         000012
__Hintcode                                         intcode      00000E
__Hintcode_body                                    intcode_body 000000
__Hintcodelo                                       intcodelo    00000E
__Hintentry                                        intentry     000000
__Hintret                                          intret       000000
__Hintsave_regs                                    intsave_regs 000000
__Hirdata                                          irdata       000000
__Hmediumconst                                     mediumconst  000000
__HnvBANK0                                         nvBANK0      000000
__HnvFARRAM                                        nvFARRAM     000000
__Hnvbit                                           nvbit        000000
__Hnvrram                                          nvrram       000000
__Hparam                                           rparam       000000
__Hpowerup                                         powerup      00000E
__Hram                                             ram          000000
__Hramtop                                          ramtop       001000
__Hrbit                                            rbit         000000
__Hrbss                                            rbss         000000
__Hrdata                                           rdata        000000
__Hreset_vec                                       reset_vec    000004
__Hrparam                                          rparam       000000
__Hsfr                                             sfr          000000
__Hsmallconst                                      smallconst   001058
__Hspace_0                                         (abs)        00221E
__Hspace_1                                         (abs)        0000C2
__Hspace_2                                         (abs)        000000
__Hspace_4                                         (abs)        60000E
__Hstack                                           stack        000000
__Hstruct                                          struct       000000
__Htemp                                            temp         000075
__Htext                                            text         000000
__Htext0                                           text0        000000
__Htext1                                           text1        000000
__Htext10                                          text10       000000
__Htext11                                          text11       000000
__Htext12                                          text12       000000
__Htext13                                          text13       000000
__Htext14                                          text14       000000
__Htext15                                          text15       000000
__Htext16                                          text16       000000
__Htext17                                          text17       000000
__Htext18                                          text18       000000
__Htext19                                          text19       000000
__Htext2                                           text2        000000
__Htext20                                          text20       000000
__Htext22                                          text22       000000
__Htext23                                          text23       000000
__Htext24                                          text24       000000
__Htext25                                          text25       000000
__Htext26                                          text26       000000
__Htext27                                          text27       000000
__Htext28                                          text28       000000
__Htext29                                          text29       000000
__Htext3                                           text3        000000
__Htext30                                          text30       000000
__Htext31                                          text31       000000
__Htext32                                          text32       000000
__Htext33                                          text33       000000
__Htext34                                          text34       000000
__Htext35                                          text35       000000
__Htext36                                          text36       000000
__Htext37                                          text37       000000
__Htext38                                          text38       000000
__Htext39                                          text39       000000
__Htext4                                           text4        000000
__Htext40                                          text40       000000
__Htext41                                          text41       000000
__Htext5                                           text5        000000
__Htext6                                           text6        000000
__Htext7                                           text7        000000
__Htext8                                           text8        000000
__Htext9                                           text9        000000
__LRAM                                             (abs)        000001
__L__absolute__                                    __absolute__ 000000
__Labs1                                            abs1         000000
__Lbank0                                           bank0        000000
__Lbank1                                           bank1        000000
__Lbank10                                          bank10       000000
__Lbank11                                          bank11       000000
__Lbank12                                          bank12       000000
__Lbank13                                          bank13       000000
__Lbank14                                          bank14       000000
__Lbank15                                          bank15       000000
__Lbank2                                           bank2        000000
__Lbank3                                           bank3        000000
__Lbank4                                           bank4        000000
__Lbank5                                           bank5        000000
__Lbank6                                           bank6        000000
__Lbank7                                           bank7        000000
__Lbank8                                           bank8        000000
__Lbank9                                           bank9        000000
__Lbigbss                                          bigbss       000000
__Lbigdata                                         bigdata      000000
__Lbigram                                          bigram       000000
__Lbigsfr                                          bigsfr       000000
__Lbss                                             bss          000000
__LbssBANK0                                        bssBANK0     000000
__LbssCOMRAM                                       bssCOMRAM    000000
__Lcinit                                           cinit        000000
__Lclrtext                                         clrtext      000000
__Lcomram                                          comram       000000
__Lconfig                                          config       000000
__Lconst                                           const        000000
__LcstackBANK0                                     cstackBANK0  000000
__LcstackCOMRAM                                    cstackCOMRAM 000000
__Ldata                                            data         000000
__LdataBANK0                                       dataBANK0    000000
__LdataCOMRAM                                      dataCOMRAM   000000
__Leeprom_data                                     eeprom_data  000000
__Lfarbss                                          farbss       000000
__Lfardata                                         fardata      000000
__Lheap                                            heap         000000
__Libigdata                                        ibigdata     000000
__Lidata                                           idata        000000
__LidataBANK0                                      idataBANK0   000000
__LidataCOMRAM                                     idataCOMRAM  000000
__Lidloc                                           idloc        000000
__Lifardata                                        ifardata     000000
__Linit                                            init         00000E
__Lintcode                                         intcode      000008
__Lintcode_body                                    intcode_body 000000
__Lintcodelo                                       intcodelo    00000E
__Lintentry                                        intentry     000000
__Lintret                                          intret       000000
__Lintsave_regs                                    intsave_regs 000000
__Lirdata                                          irdata       000000
__Lmediumconst                                     mediumconst  000000
__LnvBANK0                                         nvBANK0      000000
__LnvFARRAM                                        nvFARRAM     000000
__Lnvbit                                           nvbit        000000
__Lnvrram                                          nvrram       000000
__Lparam                                           rparam       000000
__Lpowerup                                         powerup      00000E
__Lram                                             ram          000000
__Lramtop                                          ramtop       001000
__Lrbit                                            rbit         000000
__Lrbss                                            rbss         000000
__Lrdata                                           rdata        000000
__Lreset_vec                                       reset_vec    000000
__Lrparam                                          rparam       000000
__Lsfr                                             sfr          000000
__Lsmallconst                                      smallconst   001000
__Lspace_0                                         (abs)        000000
__Lspace_1                                         (abs)        000000
__Lspace_2                                         (abs)        000000
__Lspace_4                                         (abs)        000000
__Lstack                                           stack        000000
__Lstruct                                          struct       000000
__Ltemp                                            temp         000074
__Ltext                                            text         000000
__Ltext0                                           text0        000000
__Ltext1                                           text1        000000
__Ltext10                                          text10       000000
__Ltext11                                          text11       000000
__Ltext12                                          text12       000000
__Ltext13                                          text13       000000
__Ltext14                                          text14       000000
__Ltext15                                          text15       000000
__Ltext16                                          text16       000000
__Ltext17                                          text17       000000
__Ltext18                                          text18       000000
__Ltext19                                          text19       000000
__Ltext2                                           text2        000000
__Ltext20                                          text20       000000
__Ltext22                                          text22       000000
__Ltext23                                          text23       000000
__Ltext24                                          text24       000000
__Ltext25                                          text25       000000
__Ltext26                                          text26       000000
__Ltext27                                          text27       000000
__Ltext28                                          text28       000000
__Ltext29                                          text29       000000
__Ltext3                                           text3        000000
__Ltext30                                          text30       000000
__Ltext31                                          text31       000000
__Ltext32                                          text32       000000
__Ltext33                                          text33       000000
__Ltext34                                          text34       000000
__Ltext35                                          text35       000000
__Ltext36                                          text36       000000
__Ltext37                                          text37       000000
__Ltext38                                          text38       000000
__Ltext39                                          text39       000000
__Ltext4                                           text4        000000
__Ltext40                                          text40       000000
__Ltext41                                          text41       000000
__Ltext5                                           text5        000000
__Ltext6                                           text6        000000
__Ltext7                                           text7        000000
__Ltext8                                           text8        000000
__Ltext9                                           text9        000000
__S0                                               (abs)        00221E
__S1                                               (abs)        0000C2
__S4                                               (abs)        000000
__S5                                               (abs)        000000
___heap_hi                                         (abs)        000000
___heap_lo                                         (abs)        000000
___inthi_sp                                        stack        000000
___intlo_sp                                        stack        000000
___param_bank                                      (abs)        000000
___rparam_used                                     (abs)        000001
___sp                                              stack        000000
__accesstop                                        (abs)        000080
__activetblptr                                     (abs)        000003
__end_of_ADC_ISR                                   text40       00221A
__end_of_CCP1_ISR                                  text39       002216
__end_of_CCP2_ISR                                  text38       002212
__end_of_EUSART_RX_ISR                             text37       00221E
__end_of_EUSART_TX_ISR                             text36       00220E
__end_of_INT0_ISR                                  text35       00220A
__end_of_INT1_ISR                                  text34       002206
__end_of_INT2_ISR                                  text33       002202
__end_of_InterruptManager                          intcode_body 00145E
__end_of_MSSP_I2C_BC_ISR                           text32       0021FE
__end_of_MSSP_I2C_ISR                              text31       0021FA
__end_of_MSSP_SPI_ISR                              text30       00221C
__end_of_RB4_ISR                                   text29       0021AC
__end_of_RB5_ISR                                   text28       002192
__end_of_RB6_ISR                                   text27       002178
__end_of_RB7_ISR                                   text26       00215E
__end_of_TMR0_ISR                                  text25       0021EE
__end_of_TMR1_ISR                                  text24       0021E2
__end_of_TMR2_ISR                                  text23       0021F6
__end_of_TMR3_ISR                                  text22       0021D6
__end_of__initialization                           cinit        00202A
__end_of_btn_values                                smallconst   00100D
__end_of_ecu_layer_intialize                       text12       002144
__end_of_gpio_pin_direction_intialize              text20       001704
__end_of_gpio_pin_intialize                        text18       001F6A
__end_of_gpio_pin_read_logic                       text11       001B3A
__end_of_gpio_pin_write_logic                      text19       00195C
__end_of_homeUI                                    text3        001C82
__end_of_keypad_get_value                          text10       001A82
__end_of_keypad_initialize                         text17       001DA2
__end_of_lcd_4bit_clear                            text9        00212A
__end_of_lcd_4bit_intialize                        text13       001830
__end_of_lcd_4bit_send_char_data                   text8        001E8C
__end_of_lcd_4bit_send_char_data_pos               text5        00207A
__end_of_lcd_4bit_send_command                     text14       001EFE
__end_of_lcd_4bit_send_enable_signal               text16       0020AE
__end_of_lcd_4bit_send_string_pos                  text6        001E1A
__end_of_lcd_4bit_set_cursor                       text7        001BE2
__end_of_lcd_send_4bits                            text15       001FD2
__end_of_main                                      text0        0021CA
__end_of_mainUI                                    text1        0020D8
__end_of_passwordUI                                text2        0015C0
__end_of_settingsUI                                text4        001D22
__initialization                                   cinit        001FD2
__mediumconst                                      mediumconst  000000
__pbssBANK0                                        bssBANK0     0000A9
__pbssCOMRAM                                       bssCOMRAM    000001
__pcinit                                           cinit        001FD2
__pcstackBANK0                                     cstackBANK0  0000B5
__pcstackCOMRAM                                    cstackCOMRAM 00003F
__pdataBANK0                                       dataBANK0    000080
__pdataCOMRAM                                      dataCOMRAM   000062
__pidataBANK0                                      idataBANK0   0020D8
__pidataCOMRAM                                     idataCOMRAM  0021AC
__pintcode                                         intcode      000008
__pintcode_body                                    intcode_body 001058
__pnvBANK0                                         nvBANK0      0000C0
__psmallconst                                      smallconst   001000
__ptext0                                           text0        0021BE
__ptext1                                           text1        0020AE
__ptext10                                          text10       00195C
__ptext11                                          text11       001A82
__ptext12                                          text12       00212A
__ptext13                                          text13       001704
__ptext14                                          text14       001E8C
__ptext15                                          text15       001F6A
__ptext16                                          text16       00207A
__ptext17                                          text17       001D22
__ptext18                                          text18       001EFE
__ptext19                                          text19       001830
__ptext2                                           text2        00145E
__ptext20                                          text20       0015C0
__ptext22                                          text22       0021CA
__ptext23                                          text23       0021EE
__ptext24                                          text24       0021D6
__ptext25                                          text25       0021E2
__ptext26                                          text26       002144
__ptext27                                          text27       00215E
__ptext28                                          text28       002178
__ptext29                                          text29       002192
__ptext3                                           text3        001BE2
__ptext30                                          text30       00221A
__ptext31                                          text31       0021F6
__ptext32                                          text32       0021FA
__ptext33                                          text33       0021FE
__ptext34                                          text34       002202
__ptext35                                          text35       002206
__ptext36                                          text36       00220A
__ptext37                                          text37       00221C
__ptext38                                          text38       00220E
__ptext39                                          text39       002212
__ptext4                                           text4        001C82
__ptext40                                          text40       002216
__ptext41                                          text41       000000
__ptext5                                           text5        002034
__ptext6                                           text6        001DA2
__ptext7                                           text7        001B3A
__ptext8                                           text8        001E1A
__ptext9                                           text9        002102
__ramtop                                           ramtop       001000
__smallconst                                       smallconst   001000
_btn_values                                        smallconst   001001
_ecu_layer_intialize                               text12       00212A
_gpio_pin_direction_intialize                      text20       0015C0
_gpio_pin_intialize                                text18       001EFE
_gpio_pin_read_logic                               text11       001A82
_gpio_pin_write_logic                              text19       001830
_homeUI                                            text3        001BE2
_interfaceHandler                                  nvBANK0      0000C0
_keypad1                                           dataBANK0    0000A2
_keypad_get_value                                  text10       00195C
_keypad_initialize                                 text17       001D22
_lat_registers                                     dataBANK0    00008A
_lcd1                                              dataCOMRAM   00006E
_lcd_4bit_clear                                    text9        002102
_lcd_4bit_intialize                                text13       001704
_lcd_4bit_send_char_data                           text8        001E1A
_lcd_4bit_send_char_data_pos                       text5        002034
_lcd_4bit_send_command                             text14       001E8C
_lcd_4bit_send_enable_signal                       text16       00207A
_lcd_4bit_send_string_pos                          text6        001DA2
_lcd_4bit_set_cursor                               text7        001B3A
_lcd_send_4bits                                    text15       001F6A
_main                                              text0        0021BE
_mainUI                                            text1        0020AE
_passwordUI                                        text2        00145E
_port_registers                                    dataBANK0    000080
_samefunctionFlage                                 dataCOMRAM   000062
_settingsUI                                        text4        001C82
_timer0_preload                                    bssCOMRAM    000013
_timer1_preload                                    bssCOMRAM    00000F
_timer2_preload                                    bssCOMRAM    000037
_timer3_preload                                    bssCOMRAM    000009
_tris_registers                                    dataBANK0    000094
btemp                                              temp         000074
end_of_initialization                              cinit        00202A
gpio_pin_direction_intialize@_pin_config           cstackCOMRAM 000040
gpio_pin_direction_intialize@ret                   cstackCOMRAM 000048
gpio_pin_intialize@_pin_config                     cstackCOMRAM 00004A
gpio_pin_intialize@ret                             cstackCOMRAM 00004D
gpio_pin_read_logic@_pin_config                    cstackCOMRAM 000040
gpio_pin_read_logic@logic                          cstackCOMRAM 000042
gpio_pin_read_logic@ret                            cstackCOMRAM 000049
gpio_pin_write_logic@_pin_config                   cstackCOMRAM 000040
gpio_pin_write_logic@logic                         cstackCOMRAM 000042
gpio_pin_write_logic@ret                           cstackCOMRAM 000049
homeUI@keypad_val                                  cstackCOMRAM 000060
int$flags                                          temp         000074
int_func                                           intcode_body 001058
intlevel0                                          text         000000
intlevel1                                          text         000000
intlevel2                                          text         000000
intlevel3                                          text         000000
isa$std                                            (abs)        000001
isa$xinst                                          (abs)        000000
keypad_get_value@_keypad_obj                       cstackCOMRAM 00004A
keypad_get_value@column_logic                      cstackCOMRAM 000050
keypad_get_value@l_columns_counter                 cstackCOMRAM 000054
keypad_get_value@l_counter                         cstackCOMRAM 000052
keypad_get_value@l_rows_counter                    cstackCOMRAM 000053
keypad_get_value@ret                               cstackCOMRAM 000051
keypad_get_value@value                             cstackCOMRAM 00004C
keypad_initialize@_keypad_obj                      cstackCOMRAM 00004E
keypad_initialize@columns_counter                  cstackCOMRAM 000054
keypad_initialize@ret                              cstackCOMRAM 000052
keypad_initialize@rows_counter                     cstackCOMRAM 000053
lcd_4bit_clear@lcd                                 cstackCOMRAM 000052
lcd_4bit_intialize@l_data_pins_counter             cstackCOMRAM 000056
lcd_4bit_intialize@lcd                             cstackCOMRAM 000052
lcd_4bit_intialize@ret                             cstackCOMRAM 000057
lcd_4bit_send_char_data@data                       cstackCOMRAM 000050
lcd_4bit_send_char_data@lcd                        cstackCOMRAM 00004E
lcd_4bit_send_char_data@ret                        cstackCOMRAM 000051
lcd_4bit_send_char_data_pos@column                 cstackCOMRAM 00005C
lcd_4bit_send_char_data_pos@data                   cstackCOMRAM 00005D
lcd_4bit_send_char_data_pos@lcd                    cstackCOMRAM 000059
lcd_4bit_send_char_data_pos@ret                    cstackCOMRAM 00005E
lcd_4bit_send_char_data_pos@row                    cstackCOMRAM 00005B
lcd_4bit_send_command@command                      cstackCOMRAM 000050
lcd_4bit_send_command@lcd                          cstackCOMRAM 00004E
lcd_4bit_send_command@ret                          cstackCOMRAM 000051
lcd_4bit_send_enable_signal@lcd                    cstackCOMRAM 00004A
lcd_4bit_send_enable_signal@ret                    cstackCOMRAM 00004C
lcd_4bit_send_string_pos@column                    cstackCOMRAM 00005C
lcd_4bit_send_string_pos@lcd                       cstackCOMRAM 000059
lcd_4bit_send_string_pos@ret                       cstackCOMRAM 00005F
lcd_4bit_send_string_pos@row                       cstackCOMRAM 00005B
lcd_4bit_send_string_pos@str                       cstackCOMRAM 00005D
lcd_4bit_set_cursor@coulmn                         cstackCOMRAM 000055
lcd_4bit_set_cursor@lcd                            cstackCOMRAM 000052
lcd_4bit_set_cursor@ret                            cstackCOMRAM 000058
lcd_4bit_set_cursor@row                            cstackCOMRAM 000054
lcd_send_4bits@_data_command                       cstackCOMRAM 00004C
lcd_send_4bits@lcd                                 cstackCOMRAM 00004A
lcd_send_4bits@ret                                 cstackCOMRAM 00004D
led_initialize@F3016                               bssCOMRAM    00003E
led_turn_off@F3026                                 bssCOMRAM    00003C
led_turn_on@F3021                                  bssCOMRAM    00003D
led_turn_toggle@F3031                              bssCOMRAM    00003B
passwordUI@F3111                                   dataBANK0    00009E
passwordUI@errFlage                                cstackBANK0  0000BD
passwordUI@i                                       cstackBANK0  0000BF
passwordUI@password                                cstackBANK0  0000B9
passwordUI@ret                                     cstackBANK0  0000BE
passwordUI@rpassword                               cstackBANK0  0000B5
relay_initialize@F3010                             bssCOMRAM    00003A
relay_turn_off@F3020                               bssCOMRAM    000038
relay_turn_on@F3015                                bssCOMRAM    000039
settingsUI@keypad_val                              cstackCOMRAM 000060
stackhi                                            (abs)        000000
stacklo                                            (abs)        000000
start                                              init         00000E
start_initialization                               cinit        001FD2
ttemp5                                             temp         000075
ttemp6                                             temp         000078
ttemp7                                             temp         00007C
wtemp8                                             temp         000075


MODULE INFORMATION

Module		Function		Class		Link	Load	Size
MCAL_Layer/Timer2/hal_timr2.c
		_TMR2_ISR      		CODE           	21EE	0000	8

MCAL_Layer/Timer2/hal_timr2.c estimated size: 8

MCAL_Layer/Timer0/hal_timr0.c
		_TMR0_ISR      		CODE           	21E2	0000	12

MCAL_Layer/Timer0/hal_timr0.c estimated size: 12

ECU_Layer/KeyPad/ecu_keypad.c
		_keypad_get_value		CODE           	195C	0000	294
		_keypad_initialize		CODE           	1D22	0000	128

ECU_Layer/KeyPad/ecu_keypad.c estimated size: 422

UserInterfaces.c
		_mainUI        		CODE           	20AE	0000	42
		_settingsUI    		CODE           	1C82	0000	160
		_passwordUI    		CODE           	145E	0000	354
		_homeUI        		CODE           	1BE2	0000	160

UserInterfaces.c estimated size: 716

MCAL_Layer/SPI/hal_spi.c
		_MSSP_SPI_ISR  		CODE           	221A	0000	2

MCAL_Layer/SPI/hal_spi.c estimated size: 2

ECU_Layer/Chr_LCD/ecu_chr_lcd.c
		_lcd_4bit_clear		CODE           	2102	0000	40
		_lcd_4bit_send_command		CODE           	1E8C	0000	114
		_lcd_4bit_send_string_pos		CODE           	1DA2	0000	120
		_lcd_4bit_send_char_data		CODE           	1E1A	0000	114
		_lcd_send_4bits		CODE           	1F6A	0000	104
		_lcd_4bit_intialize		CODE           	1704	0000	300
		_lcd_4bit_send_char_data_pos		CODE           	2034	0000	70
		_lcd_4bit_set_cursor		CODE           	1B3A	0000	168
		_lcd_4bit_send_enable_signal		CODE           	207A	0000	52

ECU_Layer/Chr_LCD/ecu_chr_lcd.c estimated size: 1082

MCAL_Layer/I2C/hal_i2c.c
		_MSSP_I2C_ISR  		CODE           	21F6	0000	4
		_MSSP_I2C_BC_ISR		CODE           	21FA	0000	4

MCAL_Layer/I2C/hal_i2c.c estimated size: 8

MCAL_Layer/usart/hal_usart.c
		_EUSART_RX_ISR 		CODE           	221C	0000	2
		_EUSART_TX_ISR 		CODE           	220A	0000	4

MCAL_Layer/usart/hal_usart.c estimated size: 6

MCAL_Layer/Timer3/hal_timr3.c
		_TMR3_ISR      		CODE           	21CA	0000	12

MCAL_Layer/Timer3/hal_timr3.c estimated size: 12

shared
		_btn_values    		SMALLCONST     	1001	0000	12
		__initialization		CODE           	1FD2	0000	88

shared estimated size: 100

MCAL_Layer/Interrupt/mcal_external_interrupt.c
		_RB4_ISR       		CODE           	2192	0000	26
		_RB5_ISR       		CODE           	2178	0000	26
		_RB6_ISR       		CODE           	215E	0000	26
		_RB7_ISR       		CODE           	2144	0000	26
		_INT0_ISR      		CODE           	2206	0000	4
		_INT1_ISR      		CODE           	2202	0000	4
		_INT2_ISR      		CODE           	21FE	0000	4

MCAL_Layer/Interrupt/mcal_external_interrupt.c estimated size: 116

MCAL_Layer/ADC/hal_adc.c
		_ADC_ISR       		CODE           	2216	0000	4

MCAL_Layer/ADC/hal_adc.c estimated size: 4

MCAL_Layer/Interrupt/mcal_interrupt_manager.c
		_InterruptManager		CODE           	0008	0000	1036

MCAL_Layer/Interrupt/mcal_interrupt_manager.c estimated size: 1036

MCAL_Layer/GPIO/hal_gpio.c
		_gpio_pin_write_logic		CODE           	1830	0000	300
		_gpio_pin_intialize		CODE           	1EFE	0000	108
		_gpio_pin_read_logic		CODE           	1A82	0000	184
		_gpio_pin_direction_intialize		CODE           	15C0	0000	324

MCAL_Layer/GPIO/hal_gpio.c estimated size: 916

MCAL_Layer/Timer1/hal_timr1.c
		_TMR1_ISR      		CODE           	21D6	0000	12

MCAL_Layer/Timer1/hal_timr1.c estimated size: 12

ECU_Layer/ecu_layer_init.c
		_ecu_layer_intialize		CODE           	212A	0000	26

ECU_Layer/ecu_layer_init.c estimated size: 26

application.c
		_main          		CODE           	21BE	0000	12

application.c estimated size: 12

MCAL_Layer/CCP/hal_ccp.c
		_CCP1_ISR      		CODE           	2212	0000	4
		_CCP2_ISR      		CODE           	220E	0000	4

MCAL_Layer/CCP/hal_ccp.c estimated size: 8

